<!DOCTYPE html>
<html lang="en">
  <head>
    <meta charset="utf-8"/>
    <title>class byte[] (0x7fae220b0)</title>
    <meta name="viewport" content="width=device-width, initial-scale=1.0"/>
    <meta name="description" content=""/>
    <meta name="author" content=""/>

    <link href="/css/bootstrap.css" rel="stylesheet"/>
    <style type="text/css">
      body {
        padding-top: 60px;
        padding-bottom: 40px;
      }
    </style>
    <link href="/css/bootstrap-responsive.css" rel="stylesheet"/>

    <!-- HTML5 shim, for IE6-8 support of HTML5 elements -->
    <!--[if lt IE 9]>
      <script src="/js/html5shiv.js"></script>
    <![endif]-->
  </head>
  <body>
    <div class="navbar navbar-inverse navbar-fixed-top">
      <div class="navbar-inner">
        <div class="container">
          <button type="button" class="btn btn-navbar" data-toggle="collapse" data-target=".nav-collapse">
            <span class="icon-bar"></span>
            <span class="icon-bar"></span>
            <span class="icon-bar"></span>
          </button>
          <a class="brand" href="/">SHelmet</a>
          <div class="nav-collapse collapse">
            <ul class="nav">
              <li class="active"><a href="/">Home</a></li>
              <li class="dropdown">
                <a href="#" class="dropdown-toggle" data-toggle="dropdown">Reports<b class="caret"></b></a>
                <ul class="dropdown-menu">
                  <li class="nav-header">Classes</li>
                  <li><a href="/allClassesWithPlatform/">Including platform</a></li>
                  <li><a href="/allClassesWithoutPlatform/">Excluding platform</a></li>
                  <li class="divider"></li>
                  <li><a href="/rootSet">RootSet</a></li>
                  <li class="divider"></li>
                  <li class="nav-header">Instance Counts</li>
                  <li><a href="/showInstanceCountsIncPlatform/">Including platform</a></li>
                  <li><a href="/showInstanceCountsExcPlatform/">Excluding platform</a></li>
                  <li class="divider"></li>
                  <li><a href="/histogram/">Heap histogram</a></li>
                  <li class="divider"></li>
                  <li><a href="/finalizerSummary/">Finalizer summary</a></li>
                </ul>
              </li>
              <li><a href="/about">About</a></li>
            </ul>
          </div><!--/.nav-collapse -->
        </div>
      </div>
    </div>

    <div class="container">

<h1>class byte[] (0x7fae220b0)</h1>
<table class="table table-bordered table-condensed">
<tr>
<td>
<b>Superclass:</b>
</td>
<td>
<a href="/object/0x7fae22528">class java.lang.Object</a>
</td>
</tr>
<tr>
<td>
<b>ClassLoader:</b>
</td>
<td>
&lt;null&gt;</td>
</tr>
<tr>
<td>
<b>Signers:</b>
</td>
<td>
&lt;null&gt;</td>
</tr>
<tr>
<td>
<b>Protection Domain:</b>
</td>
<td>
&lt;null&gt;</td>
</tr>
<tr>
<td>
<b>Subclasses</b>
</td>
<td>
None
</td>
</tr>
<tr>
<td>
<b>Instance Fields</b>
</td>
<td>
None
</td>
</tr>
<tr>
<td>
<b>Static Fields</b>
</td>
<td>
None
</td>
</tr>
</table>
<h2>
Instances (94)
</h2>
<a href="/instances/0x7fae220b0">of this class (94)</a>
<br/>
<h2>
References summary by Type
</h2>
<a href="/refsByType/0x7fae220b0">References summary by type</a>
<h2>
References to this object:
</h2>
<a href="/object/0x7f44ca0c8">byte[]@0x7f44ca0c8 (17 bytes)</a>
 : instance<br/>
<a href="/object/0x7f44cb190">byte[]@0x7f44cb190 (8208 bytes)</a>
 : instance<br/>
<a href="/object/0x7f44cd1d8">byte[]@0x7f44cd1d8 (144 bytes)</a>
 : instance<br/>
<a href="/object/0x7f44cd2f0">byte[]@0x7f44cd2f0 (17 bytes)</a>
 : instance<br/>
<a href="/object/0x7f44cd338">byte[]@0x7f44cd338 (8208 bytes)</a>
 : instance<br/>
<a href="/object/0x7f44d33c0">byte[]@0x7f44d33c0 (144 bytes)</a>
 : instance<br/>
<a href="/object/0x7f44d34d8">byte[]@0x7f44d34d8 (17 bytes)</a>
 : instance<br/>
<a href="/object/0x7f44d3520">byte[]@0x7f44d3520 (8208 bytes)</a>
 : instance<br/>
<a href="/object/0x7f44e9aa8">byte[]@0x7f44e9aa8 (16 bytes)</a>
 : instance<br/>
<a href="/object/0x7f44ea2a8">byte[]@0x7f44ea2a8 (88 bytes)</a>
 : instance<br/>
<a href="/object/0x7f44eae70">byte[]@0x7f44eae70 (217 bytes)</a>
 : instance<br/>
<a href="/object/0x7f44ebb90">byte[]@0x7f44ebb90 (88 bytes)</a>
 : instance<br/>
<a href="/object/0x7f44ec3b8">byte[]@0x7f44ec3b8 (1572 bytes)</a>
 : instance<br/>
<a href="/object/0x7f44ef858">byte[]@0x7f44ef858 (217 bytes)</a>
 : instance<br/>
<a href="/object/0x7f44f0580">byte[]@0x7f44f0580 (500 bytes)</a>
 : instance<br/>
<a href="/object/0x7f44f2870">byte[]@0x7f44f2870 (85 bytes)</a>
 : instance<br/>
<a href="/object/0x7f44f34a0">byte[]@0x7f44f34a0 (74 bytes)</a>
 : instance<br/>
<a href="/object/0x7f44f7b80">byte[]@0x7f44f7b80 (272 bytes)</a>
 : instance<br/>
<a href="/object/0x7f4501090">byte[]@0x7f4501090 (48 bytes)</a>
 : instance<br/>
<a href="/object/0x7f45072f0">byte[]@0x7f45072f0 (962 bytes)</a>
 : instance<br/>
<a href="/object/0x7f4507728">byte[]@0x7f4507728 (62 bytes)</a>
 : instance<br/>
<a href="/object/0x7f4509570">byte[]@0x7f4509570 (896 bytes)</a>
 : instance<br/>
<a href="/object/0x7f450a6a0">byte[]@0x7f450a6a0 (29 bytes)</a>
 : instance<br/>
<a href="/object/0x7f450a760">byte[]@0x7f450a760 (29 bytes)</a>
 : instance<br/>
<a href="/object/0x7f450a820">byte[]@0x7f450a820 (36 bytes)</a>
 : instance<br/>
<a href="/object/0x7f450a8e8">byte[]@0x7f450a8e8 (47 bytes)</a>
 : instance<br/>
<a href="/object/0x7f450a9b8">byte[]@0x7f450a9b8 (53 bytes)</a>
 : instance<br/>
<a href="/object/0x7f450aa90">byte[]@0x7f450aa90 (46 bytes)</a>
 : instance<br/>
<a href="/object/0x7f450af70">byte[]@0x7f450af70 (47 bytes)</a>
 : instance<br/>
<a href="/object/0x7f450b040">byte[]@0x7f450b040 (53 bytes)</a>
 : instance<br/>
<a href="/object/0x7f450b118">byte[]@0x7f450b118 (41 bytes)</a>
 : instance<br/>
<a href="/object/0x7f450b390">byte[]@0x7f450b390 (20 bytes)</a>
 : instance<br/>
<a href="/object/0x7f450b3a8">byte[]@0x7f450b3a8 (20 bytes)</a>
 : instance<br/>
<a href="/object/0x7f450b3c0">byte[]@0x7f450b3c0 (20 bytes)</a>
 : instance<br/>
<a href="/object/0x7f450b3d8">byte[]@0x7f450b3d8 (20 bytes)</a>
 : instance<br/>
<a href="/object/0x7f450b3f0">byte[]@0x7f450b3f0 (20 bytes)</a>
 : instance<br/>
<a href="/object/0x7f450b408">byte[]@0x7f450b408 (20 bytes)</a>
 : instance<br/>
<a href="/object/0x7f450b420">byte[]@0x7f450b420 (20 bytes)</a>
 : instance<br/>
<a href="/object/0x7f450b438">byte[]@0x7f450b438 (20 bytes)</a>
 : instance<br/>
<a href="/object/0x7f450b450">byte[]@0x7f450b450 (20 bytes)</a>
 : instance<br/>
<a href="/object/0x7f450b468">byte[]@0x7f450b468 (20 bytes)</a>
 : instance<br/>
<a href="/object/0x7f450b480">byte[]@0x7f450b480 (20 bytes)</a>
 : instance<br/>
<a href="/object/0x7f450b498">byte[]@0x7f450b498 (20 bytes)</a>
 : instance<br/>
<a href="/object/0x7f450b4b0">byte[]@0x7f450b4b0 (20 bytes)</a>
 : instance<br/>
<a href="/object/0x7f450b4c8">byte[]@0x7f450b4c8 (20 bytes)</a>
 : instance<br/>
<a href="/object/0x7f450b4e0">byte[]@0x7f450b4e0 (20 bytes)</a>
 : instance<br/>
<a href="/object/0x7f450b4f8">byte[]@0x7f450b4f8 (20 bytes)</a>
 : instance<br/>
<a href="/object/0x7f450b670">byte[]@0x7f450b670 (456 bytes)</a>
 : instance<br/>
<a href="/object/0x7f450bb68">byte[]@0x7f450bb68 (148 bytes)</a>
 : instance<br/>
<a href="/object/0x7f450bc00">byte[]@0x7f450bc00 (148 bytes)</a>
 : instance<br/>
<a href="/object/0x7f450bdd0">byte[]@0x7f450bdd0 (20 bytes)</a>
 : instance<br/>
<a href="/object/0x7f450d308">byte[]@0x7f450d308 (20 bytes)</a>
 : instance<br/>
<a href="/object/0x7f450d688">byte[]@0x7f450d688 (38 bytes)</a>
 : instance<br/>
<a href="/object/0x7f450d890">byte[]@0x7f450d890 (36 bytes)</a>
 : instance<br/>
<a href="/object/0x7f450d8e0">byte[]@0x7f450d8e0 (40 bytes)</a>
 : instance<br/>
<a href="/object/0x7f450daf8">byte[]@0x7f450daf8 (36 bytes)</a>
 : instance<br/>
<a href="/object/0x7f450db48">byte[]@0x7f450db48 (38 bytes)</a>
 : instance<br/>
<a href="/object/0x7f450e008">byte[]@0x7f450e008 (980 bytes)</a>
 : instance<br/>
<a href="/object/0x7f450e450">byte[]@0x7f450e450 (62 bytes)</a>
 : instance<br/>
<a href="/object/0x7f450e4c8">byte[]@0x7f450e4c8 (914 bytes)</a>
 : instance<br/>
<a href="/object/0x7f450e9f8">byte[]@0x7f450e9f8 (29 bytes)</a>
 : instance<br/>
<a href="/object/0x7f450eab8">byte[]@0x7f450eab8 (29 bytes)</a>
 : instance<br/>
<a href="/object/0x7f450eb78">byte[]@0x7f450eb78 (36 bytes)</a>
 : instance<br/>
<a href="/object/0x7f450ec40">byte[]@0x7f450ec40 (47 bytes)</a>
 : instance<br/>
<a href="/object/0x7f450ed10">byte[]@0x7f450ed10 (53 bytes)</a>
 : instance<br/>
<a href="/object/0x7f450ede8">byte[]@0x7f450ede8 (46 bytes)</a>
 : instance<br/>
<a href="/object/0x7f450ef70">byte[]@0x7f450ef70 (29 bytes)</a>
 : instance<br/>
<a href="/object/0x7f450f030">byte[]@0x7f450f030 (29 bytes)</a>
 : instance<br/>
<a href="/object/0x7f450f0f0">byte[]@0x7f450f0f0 (36 bytes)</a>
 : instance<br/>
<a href="/object/0x7f450f1b8">byte[]@0x7f450f1b8 (47 bytes)</a>
 : instance<br/>
<a href="/object/0x7f450f288">byte[]@0x7f450f288 (53 bytes)</a>
 : instance<br/>
<a href="/object/0x7f450f360">byte[]@0x7f450f360 (46 bytes)</a>
 : instance<br/>
<a href="/object/0x7f450f458">byte[]@0x7f450f458 (455 bytes)</a>
 : instance<br/>
<a href="/object/0x7f450f950">byte[]@0x7f450f950 (147 bytes)</a>
 : instance<br/>
<a href="/object/0x7f450f9e8">byte[]@0x7f450f9e8 (147 bytes)</a>
 : instance<br/>
<a href="/object/0x7f450fba0">byte[]@0x7f450fba0 (20 bytes)</a>
 : instance<br/>
<a href="/object/0x7f450fc18">byte[]@0x7f450fc18 (21 bytes)</a>
 : instance<br/>
<a href="/object/0x7f450fea8">byte[]@0x7f450fea8 (40 bytes)</a>
 : instance<br/>
<a href="/object/0x7f450ff10">byte[]@0x7f450ff10 (36 bytes)</a>
 : instance<br/>
<a href="/object/0x7f450ff60">byte[]@0x7f450ff60 (38 bytes)</a>
 : instance<br/>
<a href="/object/0x7f450ffc0">byte[]@0x7f450ffc0 (36 bytes)</a>
 : instance<br/>
<a href="/object/0x7f4513a28">byte[]@0x7f4513a28 (152 bytes)</a>
 : instance<br/>
<a href="/object/0x7f4514870">byte[]@0x7f4514870 (118 bytes)</a>
 : instance<br/>
<a href="/object/0x7f451a370">byte[]@0x7f451a370 (975 bytes)</a>
 : instance<br/>
<a href="/object/0x7f451d810">byte[]@0x7f451d810 (320 bytes)</a>
 : instance<br/>
<a href="/object/0x7f451fae0">byte[]@0x7f451fae0 (1213 bytes)</a>
 : instance<br/>
<a href="/object/0x7f4524aa8">byte[]@0x7f4524aa8 (332 bytes)</a>
 : instance<br/>
<a href="/object/0x7f452b760">byte[]@0x7f452b760 (118 bytes)</a>
 : instance<br/>
<a href="/object/0x7f452d380">byte[]@0x7f452d380 (20 bytes)</a>
 : instance<br/>
<a href="/object/0x7f452de78">byte[]@0x7f452de78 (2519 bytes)</a>
 : instance<br/>
<a href="/object/0x7f4531370">byte[]@0x7f4531370 (48 bytes)</a>
 : instance<br/>
<a href="/object/0x7f4531918">byte[]@0x7f4531918 (938 bytes)</a>
 : instance<br/>
<a href="/object/0x7f4532e18">byte[]@0x7f4532e18 (48 bytes)</a>
 : instance<br/>
<a href="/object/0x7f4554bf0">byte[]@0x7f4554bf0 (17 bytes)</a>
 : instance<br/>
<a href="/object/0x7f45413f0">com.sun.jmx.mbeanserver.OpenConverter$IdentityConverter@0x7f45413f0 (40 bytes)</a>
 : field openClass/field targetType<br/>
<a href="/object/0x7f44feca8">java.io.ObjectStreamField@0x7f44feca8 (53 bytes)</a>
 : field type<br/>
<a href="/object/0x7f44da4c0">java.lang.Class[]@0x7f44da4c0 (56 bytes)</a>
 : element 1<br/>
<a href="/object/0x7f44da7a0">java.lang.Class[]@0x7f44da7a0 (48 bytes)</a>
 : element 1<br/>
<a href="/object/0x7f44da8b8">java.lang.Class[]@0x7f44da8b8 (40 bytes)</a>
 : element 0<br/>
<a href="/object/0x7f44daa90">java.lang.Class[]@0x7f44daa90 (80 bytes)</a>
 : element 1<br/>
<a href="/object/0x7f44dad20">java.lang.Class[]@0x7f44dad20 (64 bytes)</a>
 : element 1<br/>
<a href="/object/0x7f44dae88">java.lang.Class[]@0x7f44dae88 (64 bytes)</a>
 : element 1<br/>
<a href="/object/0x7f44daf08">java.lang.Class[]@0x7f44daf08 (56 bytes)</a>
 : element 1<br/>
<a href="/object/0x7f44daf88">java.lang.Class[]@0x7f44daf88 (72 bytes)</a>
 : element 1<br/>
<a href="/object/0x7f44dc598">java.lang.Class[]@0x7f44dc598 (56 bytes)</a>
 : element 1<br/>
<a href="/object/0x7f450a360">java.lang.Class[]@0x7f450a360 (24 bytes)</a>
 : element 0<br/>
<a href="/object/0x7f450d190">java.lang.Class[]@0x7f450d190 (24 bytes)</a>
 : element 0<br/>
<a href="/object/0x7f450d498">java.lang.Class[]@0x7f450d498 (24 bytes)</a>
 : element 0<br/>
<a href="/object/0x7f450d6c8">java.lang.Class[]@0x7f450d6c8 (24 bytes)</a>
 : element 0<br/>
<a href="/object/0x7f45130e8">java.lang.Class[]@0x7f45130e8 (160 bytes)</a>
 : element 4/element 17<br/>
<a href="/object/0x7f44caea8">java.lang.reflect.Field@0x7f44caea8 (121 bytes)</a>
 : field modifiers<br/>
<a href="/object/0x7f4541428">java.util.WeakHashMap$Entry@0x7f4541428 (68 bytes)</a>
 : field value<br/>
<a href="/object/0x7f44cae10">java.util.concurrent.atomic.AtomicReferenceFieldUpdater$AtomicReferenceFieldUpdaterImpl@0x7f44cae10 (48 bytes)</a>
 : field vclass<br/>
<h2>
Other Queries
</h2>
Reference Chains from Rootset
<ul>
<li>
<a href="/objectRootsExcWeak/0x7fae220b0">Exclude weak refs</a>
</li>
<li>
<a href="/objectRootsIncWeak/0x7fae220b0">Include weak refs</a>
</li>
</ul>
<a href="/reachableFrom/0x7fae220b0">Objects reachable from here</a>
<br/>
    </div> <!-- /container -->
    <script src="/js/jquery-2.0.3.min.js"></script>
    <script src="/js/bootstrap.js"></script>
  </body>
</html>

