<!DOCTYPE html>
<html lang="en">
  <head>
    <meta charset="utf-8"/>
    <title>class java.lang.Integer (0x7faea2a30)</title>
    <meta name="viewport" content="width=device-width, initial-scale=1.0"/>
    <meta name="description" content=""/>
    <meta name="author" content=""/>

    <link href="/css/bootstrap.css" rel="stylesheet"/>
    <style type="text/css">
      body {
        padding-top: 60px;
        padding-bottom: 40px;
      }
    </style>
    <link href="/css/bootstrap-responsive.css" rel="stylesheet"/>

    <!-- HTML5 shim, for IE6-8 support of HTML5 elements -->
    <!--[if lt IE 9]>
      <script src="/js/html5shiv.js"></script>
    <![endif]-->
  </head>
  <body>
    <div class="navbar navbar-inverse navbar-fixed-top">
      <div class="navbar-inner">
        <div class="container">
          <button type="button" class="btn btn-navbar" data-toggle="collapse" data-target=".nav-collapse">
            <span class="icon-bar"></span>
            <span class="icon-bar"></span>
            <span class="icon-bar"></span>
          </button>
          <a class="brand" href="/">SHelmet</a>
          <div class="nav-collapse collapse">
            <ul class="nav">
              <li class="active"><a href="/">Home</a></li>
              <li class="dropdown">
                <a href="#" class="dropdown-toggle" data-toggle="dropdown">Reports<b class="caret"></b></a>
                <ul class="dropdown-menu">
                  <li class="nav-header">Classes</li>
                  <li><a href="/allClassesWithPlatform/">Including platform</a></li>
                  <li><a href="/allClassesWithoutPlatform/">Excluding platform</a></li>
                  <li class="divider"></li>
                  <li><a href="/rootSet">RootSet</a></li>
                  <li class="divider"></li>
                  <li class="nav-header">Instance Counts</li>
                  <li><a href="/showInstanceCountsIncPlatform/">Including platform</a></li>
                  <li><a href="/showInstanceCountsExcPlatform/">Excluding platform</a></li>
                  <li class="divider"></li>
                  <li><a href="/histogram/">Heap histogram</a></li>
                  <li class="divider"></li>
                  <li><a href="/finalizerSummary/">Finalizer summary</a></li>
                </ul>
              </li>
              <li><a href="/about">About</a></li>
            </ul>
          </div><!--/.nav-collapse -->
        </div>
      </div>
    </div>

    <div class="container">

<h1>class java.lang.Integer (0x7faea2a30)</h1>
<table class="table table-bordered table-condensed">
<tr>
<td>
<b>Instance of:</b>
</td>
<td>
<a href="/object/0x7fae22868">class java.lang.Class</a>
</td>
</tr>
<tr>
<td>
<b>Size</b>
</td>
<td>
160 bytes
</td>
</tr>
<tr>
<td>
<b>Retained Size</b>
</td>
<td>
160 bytes
</td>
</tr>
<tr>
<td>
<b>Superclass:</b>
</td>
<td>
<a href="/object/0x7fae976b8">class java.lang.Number</a>
</td>
</tr>
<tr>
<td>
<b>ClassLoader:</b>
</td>
<td>
&lt;null&gt;</td>
</tr>
<tr>
<td>
<b>Signers:</b>
</td>
<td>
&lt;null&gt;</td>
</tr>
<tr>
<td>
<b>Protection Domain:</b>
</td>
<td>
&lt;null&gt;</td>
</tr>
<tr>
<td>
<b>Subclasses</b>
</td>
<td>
None
</td>
</tr>
<tr>
<td>
<b>Instance Fields</b>
</td>
<td>
<a href="#instanceFields">1</a>
</td>
</tr>
<tr>
<td>
<b>Static Fields</b>
</td>
<td>
<a href="#staticFields">10</a>
</td>
</tr>
<tr>
<td>
<b>Min/max distance to root</b>
</td>
<td>
1/5
</td>
</tr>
<tr>
<td>
<b>References to this object</b>
</td>
<td>
<a href="#refers">289</a>
</td>
</tr>
<tr>
<td>
<b>Root References</b>
</td>
<td>
<a href="#rootRefs">4</a>
</td>
</tr>
</table>
<a name="instanceFields"></a>
<h2>Instance Fields:</h2>
<ul>
<li>
java.lang.Integer.value (int)</li>
</ul>
<a name="staticFields"></a>
<h2>Static Fields:</h2>
<table class="table table-bordered table-condensed">
<tr>
<th>
Field
</th>
<th>
Type
</th>
<th>
Value
</th>
</tr>
<tr>
<td>
java.lang.Integer.serialVersionUID
</td>
<td>
long
</td>
<td>
1360826667806852920</td>
</tr>
<tr>
<td>
java.lang.Integer.SIZE
</td>
<td>
int
</td>
<td>
32</td>
</tr>
<tr>
<td>
java.lang.Integer.integerCacheHighPropValue
</td>
<td>
object
</td>
<td>
&lt;null&gt;</td>
</tr>
<tr>
<td>
java.lang.Integer.sizeTable
</td>
<td>
object
</td>
<td>
<a href="/object/0x7f44c6318">int[] #2 (56 bytes)</a>
</td>
</tr>
<tr>
<td>
java.lang.Integer.DigitOnes
</td>
<td>
object
</td>
<td>
<a href="/object/0x7f44c6240">char[] #128 (216 bytes)</a>
</td>
</tr>
<tr>
<td>
java.lang.Integer.DigitTens
</td>
<td>
object
</td>
<td>
<a href="/object/0x7f44c6168">char[] #127 (216 bytes)</a>
</td>
</tr>
<tr>
<td>
java.lang.Integer.digits
</td>
<td>
object
</td>
<td>
<a href="/object/0x7f44c6110">char[] #126 (88 bytes)</a>
</td>
</tr>
<tr>
<td>
java.lang.Integer.TYPE
</td>
<td>
object
</td>
<td>
<a href="/object/0x7fae218f8">Unknown Heap Object@0x7fae218f8 (0 bytes)</a>
</td>
</tr>
<tr>
<td>
java.lang.Integer.MAX_VALUE
</td>
<td>
int
</td>
<td>
2147483647</td>
</tr>
<tr>
<td>
java.lang.Integer.MIN_VALUE
</td>
<td>
int
</td>
<td>
-2147483648</td>
</tr>
</table>
<h2>Instances (282)</h2>
<a href="/instances/0x7faea2a30">of this class (282)</a>
<h2>References summary by Type</h2>
<a href="/refsByType/0x7faea2a30">References summary by type</a>
<a name="rootRefs"></a>
<h2>Root References:</h2>
<ul>
<li>
JNI Global Reference
</li>
<li>
System Class Reference
</li>
<li>
System Class Reference
</li>
<li>
System Class Reference
</li>
</ul>
<h2>References to this object:</h2>
<a name="refers"></a>
<a href="/object/0x7f4543858">java.lang.reflect.Field #196 (121 bytes)</a>
 : field clazz (-1/-1)
<br/>
<a href="/object/0x7f45438a0">java.lang.reflect.Field #197 (121 bytes)</a>
 : field clazz (-1/-1)
<br/>
<a href="/object/0x7f45438e8">java.lang.reflect.Field #198 (121 bytes)</a>
 : field clazz (-1/-1)
<br/>
<a href="/object/0x7f45439b0">java.lang.reflect.Field #199 (121 bytes)</a>
 : field clazz (-1/-1)
<br/>
<a href="/object/0x7f4543a20">java.lang.reflect.Field #200 (121 bytes)</a>
 : field clazz (-1/-1)
<br/>
<a href="/object/0x7f44d9640">java.lang.Integer #1 (20 bytes)</a>
 : instance (4/4)
<br/>
<a href="/object/0x7f44d96e0">java.lang.Integer #2 (20 bytes)</a>
 : instance (4/4)
<br/>
<a href="/object/0x7f44d9750">java.lang.Integer #3 (20 bytes)</a>
 : instance (4/4)
<br/>
<a href="/object/0x7f4507bf8">java.lang.Integer #4 (20 bytes)</a>
 : instance (2/2)
<br/>
<a href="/object/0x7f4507c10">java.lang.Integer #5 (20 bytes)</a>
 : instance (2/2)
<br/>
<a href="/object/0x7f4507c28">java.lang.Integer #6 (20 bytes)</a>
 : instance (2/2)
<br/>
<a href="/object/0x7f4507c40">java.lang.Integer #7 (20 bytes)</a>
 : instance (2/2)
<br/>
<a href="/object/0x7f4507c58">java.lang.Integer #8 (20 bytes)</a>
 : instance (2/2)
<br/>
<a href="/object/0x7f4507c70">java.lang.Integer #9 (20 bytes)</a>
 : instance (2/2)
<br/>
<a href="/object/0x7f4507c88">java.lang.Integer #10 (20 bytes)</a>
 : instance (2/2)
<br/>
<a href="/object/0x7f4507ca0">java.lang.Integer #11 (20 bytes)</a>
 : instance (2/2)
<br/>
<a href="/object/0x7f4507cb8">java.lang.Integer #12 (20 bytes)</a>
 : instance (2/2)
<br/>
<a href="/object/0x7f4507cd0">java.lang.Integer #13 (20 bytes)</a>
 : instance (2/2)
<br/>
<a href="/object/0x7f4507ce8">java.lang.Integer #14 (20 bytes)</a>
 : instance (2/2)
<br/>
<a href="/object/0x7f4507d00">java.lang.Integer #15 (20 bytes)</a>
 : instance (2/2)
<br/>
<a href="/object/0x7f4507d18">java.lang.Integer #16 (20 bytes)</a>
 : instance (2/2)
<br/>
<a href="/object/0x7f4507d30">java.lang.Integer #17 (20 bytes)</a>
 : instance (2/2)
<br/>
<a href="/object/0x7f4507d48">java.lang.Integer #18 (20 bytes)</a>
 : instance (2/2)
<br/>
<a href="/object/0x7f4507d60">java.lang.Integer #19 (20 bytes)</a>
 : instance (2/2)
<br/>
<a href="/object/0x7f4507d78">java.lang.Integer #20 (20 bytes)</a>
 : instance (2/2)
<br/>
<a href="/object/0x7f4507d90">java.lang.Integer #21 (20 bytes)</a>
 : instance (2/2)
<br/>
<a href="/object/0x7f4507da8">java.lang.Integer #22 (20 bytes)</a>
 : instance (2/2)
<br/>
<a href="/object/0x7f4507dc0">java.lang.Integer #23 (20 bytes)</a>
 : instance (2/2)
<br/>
<a href="/object/0x7f4507dd8">java.lang.Integer #24 (20 bytes)</a>
 : instance (2/2)
<br/>
<a href="/object/0x7f4507df0">java.lang.Integer #25 (20 bytes)</a>
 : instance (2/2)
<br/>
<a href="/object/0x7f4507e08">java.lang.Integer #26 (20 bytes)</a>
 : instance (2/2)
<br/>
<a href="/object/0x7f4507e20">java.lang.Integer #27 (20 bytes)</a>
 : instance (2/2)
<br/>
<a href="/object/0x7f4507e38">java.lang.Integer #28 (20 bytes)</a>
 : instance (2/2)
<br/>
<a href="/object/0x7f4507e50">java.lang.Integer #29 (20 bytes)</a>
 : instance (2/2)
<br/>
<a href="/object/0x7f4507e68">java.lang.Integer #30 (20 bytes)</a>
 : instance (2/2)
<br/>
<a href="/object/0x7f4507e80">java.lang.Integer #31 (20 bytes)</a>
 : instance (2/2)
<br/>
<a href="/object/0x7f4507e98">java.lang.Integer #32 (20 bytes)</a>
 : instance (2/2)
<br/>
<a href="/object/0x7f4507eb0">java.lang.Integer #33 (20 bytes)</a>
 : instance (2/2)
<br/>
<a href="/object/0x7f4507ec8">java.lang.Integer #34 (20 bytes)</a>
 : instance (2/2)
<br/>
<a href="/object/0x7f4507ee0">java.lang.Integer #35 (20 bytes)</a>
 : instance (2/2)
<br/>
<a href="/object/0x7f4507ef8">java.lang.Integer #36 (20 bytes)</a>
 : instance (2/2)
<br/>
<a href="/object/0x7f4507f10">java.lang.Integer #37 (20 bytes)</a>
 : instance (2/2)
<br/>
<a href="/object/0x7f4507f28">java.lang.Integer #38 (20 bytes)</a>
 : instance (2/2)
<br/>
<a href="/object/0x7f4507f40">java.lang.Integer #39 (20 bytes)</a>
 : instance (2/2)
<br/>
<a href="/object/0x7f4507f58">java.lang.Integer #40 (20 bytes)</a>
 : instance (2/2)
<br/>
<a href="/object/0x7f4507f70">java.lang.Integer #41 (20 bytes)</a>
 : instance (2/2)
<br/>
<a href="/object/0x7f4507f88">java.lang.Integer #42 (20 bytes)</a>
 : instance (2/2)
<br/>
<a href="/object/0x7f4507fa0">java.lang.Integer #43 (20 bytes)</a>
 : instance (2/2)
<br/>
<a href="/object/0x7f4507fb8">java.lang.Integer #44 (20 bytes)</a>
 : instance (2/2)
<br/>
<a href="/object/0x7f4507fd0">java.lang.Integer #45 (20 bytes)</a>
 : instance (2/2)
<br/>
<a href="/object/0x7f4507fe8">java.lang.Integer #46 (20 bytes)</a>
 : instance (2/2)
<br/>
<a href="/object/0x7f4508000">java.lang.Integer #47 (20 bytes)</a>
 : instance (2/2)
<br/>
<a href="/object/0x7f4508018">java.lang.Integer #48 (20 bytes)</a>
 : instance (2/2)
<br/>
<a href="/object/0x7f4508030">java.lang.Integer #49 (20 bytes)</a>
 : instance (2/2)
<br/>
<a href="/object/0x7f4508048">java.lang.Integer #50 (20 bytes)</a>
 : instance (2/2)
<br/>
<a href="/object/0x7f4508060">java.lang.Integer #51 (20 bytes)</a>
 : instance (2/2)
<br/>
<a href="/object/0x7f4508078">java.lang.Integer #52 (20 bytes)</a>
 : instance (2/2)
<br/>
<a href="/object/0x7f4508090">java.lang.Integer #53 (20 bytes)</a>
 : instance (2/2)
<br/>
<a href="/object/0x7f45080a8">java.lang.Integer #54 (20 bytes)</a>
 : instance (2/2)
<br/>
<a href="/object/0x7f45080c0">java.lang.Integer #55 (20 bytes)</a>
 : instance (2/2)
<br/>
<a href="/object/0x7f45080d8">java.lang.Integer #56 (20 bytes)</a>
 : instance (2/2)
<br/>
<a href="/object/0x7f45080f0">java.lang.Integer #57 (20 bytes)</a>
 : instance (2/2)
<br/>
<a href="/object/0x7f4508108">java.lang.Integer #58 (20 bytes)</a>
 : instance (2/2)
<br/>
<a href="/object/0x7f4508120">java.lang.Integer #59 (20 bytes)</a>
 : instance (2/2)
<br/>
<a href="/object/0x7f4508138">java.lang.Integer #60 (20 bytes)</a>
 : instance (2/2)
<br/>
<a href="/object/0x7f4508150">java.lang.Integer #61 (20 bytes)</a>
 : instance (2/2)
<br/>
<a href="/object/0x7f4508168">java.lang.Integer #62 (20 bytes)</a>
 : instance (2/2)
<br/>
<a href="/object/0x7f4508180">java.lang.Integer #63 (20 bytes)</a>
 : instance (2/2)
<br/>
<a href="/object/0x7f4508198">java.lang.Integer #64 (20 bytes)</a>
 : instance (2/2)
<br/>
<a href="/object/0x7f45081b0">java.lang.Integer #65 (20 bytes)</a>
 : instance (2/2)
<br/>
<a href="/object/0x7f45081c8">java.lang.Integer #66 (20 bytes)</a>
 : instance (2/2)
<br/>
<a href="/object/0x7f45081e0">java.lang.Integer #67 (20 bytes)</a>
 : instance (2/2)
<br/>
<a href="/object/0x7f45081f8">java.lang.Integer #68 (20 bytes)</a>
 : instance (2/2)
<br/>
<a href="/object/0x7f4508210">java.lang.Integer #69 (20 bytes)</a>
 : instance (2/2)
<br/>
<a href="/object/0x7f4508228">java.lang.Integer #70 (20 bytes)</a>
 : instance (2/2)
<br/>
<a href="/object/0x7f4508240">java.lang.Integer #71 (20 bytes)</a>
 : instance (2/2)
<br/>
<a href="/object/0x7f4508258">java.lang.Integer #72 (20 bytes)</a>
 : instance (2/2)
<br/>
<a href="/object/0x7f4508270">java.lang.Integer #73 (20 bytes)</a>
 : instance (2/2)
<br/>
<a href="/object/0x7f4508288">java.lang.Integer #74 (20 bytes)</a>
 : instance (2/2)
<br/>
<a href="/object/0x7f45082a0">java.lang.Integer #75 (20 bytes)</a>
 : instance (2/2)
<br/>
<a href="/object/0x7f45082b8">java.lang.Integer #76 (20 bytes)</a>
 : instance (2/2)
<br/>
<a href="/object/0x7f45082d0">java.lang.Integer #77 (20 bytes)</a>
 : instance (2/2)
<br/>
<a href="/object/0x7f45082e8">java.lang.Integer #78 (20 bytes)</a>
 : instance (2/2)
<br/>
<a href="/object/0x7f4508300">java.lang.Integer #79 (20 bytes)</a>
 : instance (2/2)
<br/>
<a href="/object/0x7f4508318">java.lang.Integer #80 (20 bytes)</a>
 : instance (2/2)
<br/>
<a href="/object/0x7f4508330">java.lang.Integer #81 (20 bytes)</a>
 : instance (2/2)
<br/>
<a href="/object/0x7f4508348">java.lang.Integer #82 (20 bytes)</a>
 : instance (2/2)
<br/>
<a href="/object/0x7f4508360">java.lang.Integer #83 (20 bytes)</a>
 : instance (2/2)
<br/>
<a href="/object/0x7f4508378">java.lang.Integer #84 (20 bytes)</a>
 : instance (2/2)
<br/>
<a href="/object/0x7f4508390">java.lang.Integer #85 (20 bytes)</a>
 : instance (2/2)
<br/>
<a href="/object/0x7f45083a8">java.lang.Integer #86 (20 bytes)</a>
 : instance (2/2)
<br/>
<a href="/object/0x7f45083c0">java.lang.Integer #87 (20 bytes)</a>
 : instance (2/2)
<br/>
<a href="/object/0x7f45083d8">java.lang.Integer #88 (20 bytes)</a>
 : instance (2/2)
<br/>
<a href="/object/0x7f45083f0">java.lang.Integer #89 (20 bytes)</a>
 : instance (2/2)
<br/>
<a href="/object/0x7f4508408">java.lang.Integer #90 (20 bytes)</a>
 : instance (2/2)
<br/>
<a href="/object/0x7f4508420">java.lang.Integer #91 (20 bytes)</a>
 : instance (2/2)
<br/>
<a href="/object/0x7f4508438">java.lang.Integer #92 (20 bytes)</a>
 : instance (2/2)
<br/>
<a href="/object/0x7f4508450">java.lang.Integer #93 (20 bytes)</a>
 : instance (2/2)
<br/>
<a href="/object/0x7f4508468">java.lang.Integer #94 (20 bytes)</a>
 : instance (2/2)
<br/>
<a href="/object/0x7f4508480">java.lang.Integer #95 (20 bytes)</a>
 : instance (2/2)
<br/>
<a href="/object/0x7f4508498">java.lang.Integer #96 (20 bytes)</a>
 : instance (2/2)
<br/>
<a href="/object/0x7f45084b0">java.lang.Integer #97 (20 bytes)</a>
 : instance (2/2)
<br/>
<a href="/object/0x7f45084c8">java.lang.Integer #98 (20 bytes)</a>
 : instance (2/2)
<br/>
<a href="/object/0x7f45084e0">java.lang.Integer #99 (20 bytes)</a>
 : instance (2/2)
<br/>
<a href="/object/0x7f45084f8">java.lang.Integer #100 (20 bytes)</a>
 : instance (2/2)
<br/>
<a href="/object/0x7f4508510">java.lang.Integer #101 (20 bytes)</a>
 : instance (2/2)
<br/>
<a href="/object/0x7f4508528">java.lang.Integer #102 (20 bytes)</a>
 : instance (2/2)
<br/>
<a href="/object/0x7f4508540">java.lang.Integer #103 (20 bytes)</a>
 : instance (2/2)
<br/>
<a href="/object/0x7f4508558">java.lang.Integer #104 (20 bytes)</a>
 : instance (2/2)
<br/>
<a href="/object/0x7f4508570">java.lang.Integer #105 (20 bytes)</a>
 : instance (2/2)
<br/>
<a href="/object/0x7f4508588">java.lang.Integer #106 (20 bytes)</a>
 : instance (2/2)
<br/>
<a href="/object/0x7f45085a0">java.lang.Integer #107 (20 bytes)</a>
 : instance (2/2)
<br/>
<a href="/object/0x7f45085b8">java.lang.Integer #108 (20 bytes)</a>
 : instance (2/2)
<br/>
<a href="/object/0x7f45085d0">java.lang.Integer #109 (20 bytes)</a>
 : instance (2/2)
<br/>
<a href="/object/0x7f45085e8">java.lang.Integer #110 (20 bytes)</a>
 : instance (2/2)
<br/>
<a href="/object/0x7f4508600">java.lang.Integer #111 (20 bytes)</a>
 : instance (2/2)
<br/>
<a href="/object/0x7f4508618">java.lang.Integer #112 (20 bytes)</a>
 : instance (2/2)
<br/>
<a href="/object/0x7f4508630">java.lang.Integer #113 (20 bytes)</a>
 : instance (2/2)
<br/>
<a href="/object/0x7f4508648">java.lang.Integer #114 (20 bytes)</a>
 : instance (2/2)
<br/>
<a href="/object/0x7f4508660">java.lang.Integer #115 (20 bytes)</a>
 : instance (2/2)
<br/>
<a href="/object/0x7f4508678">java.lang.Integer #116 (20 bytes)</a>
 : instance (2/2)
<br/>
<a href="/object/0x7f4508690">java.lang.Integer #117 (20 bytes)</a>
 : instance (2/2)
<br/>
<a href="/object/0x7f45086a8">java.lang.Integer #118 (20 bytes)</a>
 : instance (2/2)
<br/>
<a href="/object/0x7f45086c0">java.lang.Integer #119 (20 bytes)</a>
 : instance (2/2)
<br/>
<a href="/object/0x7f45086d8">java.lang.Integer #120 (20 bytes)</a>
 : instance (2/2)
<br/>
<a href="/object/0x7f45086f0">java.lang.Integer #121 (20 bytes)</a>
 : instance (2/2)
<br/>
<a href="/object/0x7f4508708">java.lang.Integer #122 (20 bytes)</a>
 : instance (2/2)
<br/>
<a href="/object/0x7f4508720">java.lang.Integer #123 (20 bytes)</a>
 : instance (2/2)
<br/>
<a href="/object/0x7f4508738">java.lang.Integer #124 (20 bytes)</a>
 : instance (2/2)
<br/>
<a href="/object/0x7f4508750">java.lang.Integer #125 (20 bytes)</a>
 : instance (2/2)
<br/>
<a href="/object/0x7f4508768">java.lang.Integer #126 (20 bytes)</a>
 : instance (2/2)
<br/>
<a href="/object/0x7f4508780">java.lang.Integer #127 (20 bytes)</a>
 : instance (2/2)
<br/>
<a href="/object/0x7f4508798">java.lang.Integer #128 (20 bytes)</a>
 : instance (2/2)
<br/>
<a href="/object/0x7f45087b0">java.lang.Integer #129 (20 bytes)</a>
 : instance (2/2)
<br/>
<a href="/object/0x7f45087c8">java.lang.Integer #130 (20 bytes)</a>
 : instance (2/2)
<br/>
<a href="/object/0x7f45087e0">java.lang.Integer #131 (20 bytes)</a>
 : instance (2/2)
<br/>
<a href="/object/0x7f45087f8">java.lang.Integer #132 (20 bytes)</a>
 : instance (2/2)
<br/>
<a href="/object/0x7f4508810">java.lang.Integer #133 (20 bytes)</a>
 : instance (2/4)
<br/>
<a href="/object/0x7f4508828">java.lang.Integer #134 (20 bytes)</a>
 : instance (2/4)
<br/>
<a href="/object/0x7f4508840">java.lang.Integer #135 (20 bytes)</a>
 : instance (2/5)
<br/>
<a href="/object/0x7f4508858">java.lang.Integer #136 (20 bytes)</a>
 : instance (2/4)
<br/>
<a href="/object/0x7f4508870">java.lang.Integer #137 (20 bytes)</a>
 : instance (2/5)
<br/>
<a href="/object/0x7f4508888">java.lang.Integer #138 (20 bytes)</a>
 : instance (2/4)
<br/>
<a href="/object/0x7f45088a0">java.lang.Integer #139 (20 bytes)</a>
 : instance (2/4)
<br/>
<a href="/object/0x7f45088b8">java.lang.Integer #140 (20 bytes)</a>
 : instance (2/4)
<br/>
<a href="/object/0x7f45088d0">java.lang.Integer #141 (20 bytes)</a>
 : instance (2/4)
<br/>
<a href="/object/0x7f45088e8">java.lang.Integer #142 (20 bytes)</a>
 : instance (2/4)
<br/>
<a href="/object/0x7f4508900">java.lang.Integer #143 (20 bytes)</a>
 : instance (2/2)
<br/>
<a href="/object/0x7f4508918">java.lang.Integer #144 (20 bytes)</a>
 : instance (2/2)
<br/>
<a href="/object/0x7f4508930">java.lang.Integer #145 (20 bytes)</a>
 : instance (2/2)
<br/>
<a href="/object/0x7f4508948">java.lang.Integer #146 (20 bytes)</a>
 : instance (2/2)
<br/>
<a href="/object/0x7f4508960">java.lang.Integer #147 (20 bytes)</a>
 : instance (2/2)
<br/>
<a href="/object/0x7f4508978">java.lang.Integer #148 (20 bytes)</a>
 : instance (2/2)
<br/>
<a href="/object/0x7f4508990">java.lang.Integer #149 (20 bytes)</a>
 : instance (2/2)
<br/>
<a href="/object/0x7f45089a8">java.lang.Integer #150 (20 bytes)</a>
 : instance (2/2)
<br/>
<a href="/object/0x7f45089c0">java.lang.Integer #151 (20 bytes)</a>
 : instance (2/2)
<br/>
<a href="/object/0x7f45089d8">java.lang.Integer #152 (20 bytes)</a>
 : instance (2/2)
<br/>
<a href="/object/0x7f45089f0">java.lang.Integer #153 (20 bytes)</a>
 : instance (2/2)
<br/>
<a href="/object/0x7f4508a08">java.lang.Integer #154 (20 bytes)</a>
 : instance (2/2)
<br/>
<a href="/object/0x7f4508a20">java.lang.Integer #155 (20 bytes)</a>
 : instance (2/2)
<br/>
<a href="/object/0x7f4508a38">java.lang.Integer #156 (20 bytes)</a>
 : instance (2/2)
<br/>
<a href="/object/0x7f4508a50">java.lang.Integer #157 (20 bytes)</a>
 : instance (2/2)
<br/>
<a href="/object/0x7f4508a68">java.lang.Integer #158 (20 bytes)</a>
 : instance (2/2)
<br/>
<a href="/object/0x7f4508a80">java.lang.Integer #159 (20 bytes)</a>
 : instance (2/2)
<br/>
<a href="/object/0x7f4508a98">java.lang.Integer #160 (20 bytes)</a>
 : instance (2/2)
<br/>
<a href="/object/0x7f4508ab0">java.lang.Integer #161 (20 bytes)</a>
 : instance (2/2)
<br/>
<a href="/object/0x7f4508ac8">java.lang.Integer #162 (20 bytes)</a>
 : instance (2/2)
<br/>
<a href="/object/0x7f4508ae0">java.lang.Integer #163 (20 bytes)</a>
 : instance (2/2)
<br/>
<a href="/object/0x7f4508af8">java.lang.Integer #164 (20 bytes)</a>
 : instance (2/2)
<br/>
<a href="/object/0x7f4508b10">java.lang.Integer #165 (20 bytes)</a>
 : instance (2/2)
<br/>
<a href="/object/0x7f4508b28">java.lang.Integer #166 (20 bytes)</a>
 : instance (2/2)
<br/>
<a href="/object/0x7f4508b40">java.lang.Integer #167 (20 bytes)</a>
 : instance (2/2)
<br/>
<a href="/object/0x7f4508b58">java.lang.Integer #168 (20 bytes)</a>
 : instance (2/2)
<br/>
<a href="/object/0x7f4508b70">java.lang.Integer #169 (20 bytes)</a>
 : instance (2/2)
<br/>
<a href="/object/0x7f4508b88">java.lang.Integer #170 (20 bytes)</a>
 : instance (2/2)
<br/>
<a href="/object/0x7f4508ba0">java.lang.Integer #171 (20 bytes)</a>
 : instance (2/2)
<br/>
<a href="/object/0x7f4508bb8">java.lang.Integer #172 (20 bytes)</a>
 : instance (2/2)
<br/>
<a href="/object/0x7f4508bd0">java.lang.Integer #173 (20 bytes)</a>
 : instance (2/2)
<br/>
<a href="/object/0x7f4508be8">java.lang.Integer #174 (20 bytes)</a>
 : instance (2/2)
<br/>
<a href="/object/0x7f4508c00">java.lang.Integer #175 (20 bytes)</a>
 : instance (2/2)
<br/>
<a href="/object/0x7f4508c18">java.lang.Integer #176 (20 bytes)</a>
 : instance (2/2)
<br/>
<a href="/object/0x7f4508c30">java.lang.Integer #177 (20 bytes)</a>
 : instance (2/2)
<br/>
<a href="/object/0x7f4508c48">java.lang.Integer #178 (20 bytes)</a>
 : instance (2/2)
<br/>
<a href="/object/0x7f4508c60">java.lang.Integer #179 (20 bytes)</a>
 : instance (2/2)
<br/>
<a href="/object/0x7f4508c78">java.lang.Integer #180 (20 bytes)</a>
 : instance (2/2)
<br/>
<a href="/object/0x7f4508c90">java.lang.Integer #181 (20 bytes)</a>
 : instance (2/2)
<br/>
<a href="/object/0x7f4508ca8">java.lang.Integer #182 (20 bytes)</a>
 : instance (2/2)
<br/>
<a href="/object/0x7f4508cc0">java.lang.Integer #183 (20 bytes)</a>
 : instance (2/2)
<br/>
<a href="/object/0x7f4508cd8">java.lang.Integer #184 (20 bytes)</a>
 : instance (2/2)
<br/>
<a href="/object/0x7f4508cf0">java.lang.Integer #185 (20 bytes)</a>
 : instance (2/2)
<br/>
<a href="/object/0x7f4508d08">java.lang.Integer #186 (20 bytes)</a>
 : instance (2/2)
<br/>
<a href="/object/0x7f4508d20">java.lang.Integer #187 (20 bytes)</a>
 : instance (2/2)
<br/>
<a href="/object/0x7f4508d38">java.lang.Integer #188 (20 bytes)</a>
 : instance (2/2)
<br/>
<a href="/object/0x7f4508d50">java.lang.Integer #189 (20 bytes)</a>
 : instance (2/2)
<br/>
<a href="/object/0x7f4508d68">java.lang.Integer #190 (20 bytes)</a>
 : instance (2/2)
<br/>
<a href="/object/0x7f4508d80">java.lang.Integer #191 (20 bytes)</a>
 : instance (2/2)
<br/>
<a href="/object/0x7f4508d98">java.lang.Integer #192 (20 bytes)</a>
 : instance (2/2)
<br/>
<a href="/object/0x7f4508db0">java.lang.Integer #193 (20 bytes)</a>
 : instance (2/2)
<br/>
<a href="/object/0x7f4508dc8">java.lang.Integer #194 (20 bytes)</a>
 : instance (2/2)
<br/>
<a href="/object/0x7f4508de0">java.lang.Integer #195 (20 bytes)</a>
 : instance (2/2)
<br/>
<a href="/object/0x7f4508df8">java.lang.Integer #196 (20 bytes)</a>
 : instance (2/2)
<br/>
<a href="/object/0x7f4508e10">java.lang.Integer #197 (20 bytes)</a>
 : instance (2/2)
<br/>
<a href="/object/0x7f4508e28">java.lang.Integer #198 (20 bytes)</a>
 : instance (2/2)
<br/>
<a href="/object/0x7f4508e40">java.lang.Integer #199 (20 bytes)</a>
 : instance (2/2)
<br/>
<a href="/object/0x7f4508e58">java.lang.Integer #200 (20 bytes)</a>
 : instance (2/2)
<br/>
<a href="/object/0x7f4508e70">java.lang.Integer #201 (20 bytes)</a>
 : instance (2/2)
<br/>
<a href="/object/0x7f4508e88">java.lang.Integer #202 (20 bytes)</a>
 : instance (2/2)
<br/>
<a href="/object/0x7f4508ea0">java.lang.Integer #203 (20 bytes)</a>
 : instance (2/2)
<br/>
<a href="/object/0x7f4508eb8">java.lang.Integer #204 (20 bytes)</a>
 : instance (2/2)
<br/>
<a href="/object/0x7f4508ed0">java.lang.Integer #205 (20 bytes)</a>
 : instance (2/2)
<br/>
<a href="/object/0x7f4508ee8">java.lang.Integer #206 (20 bytes)</a>
 : instance (2/2)
<br/>
<a href="/object/0x7f4508f00">java.lang.Integer #207 (20 bytes)</a>
 : instance (2/2)
<br/>
<a href="/object/0x7f4508f18">java.lang.Integer #208 (20 bytes)</a>
 : instance (2/2)
<br/>
<a href="/object/0x7f4508f30">java.lang.Integer #209 (20 bytes)</a>
 : instance (2/2)
<br/>
<a href="/object/0x7f4508f48">java.lang.Integer #210 (20 bytes)</a>
 : instance (2/2)
<br/>
<a href="/object/0x7f4508f60">java.lang.Integer #211 (20 bytes)</a>
 : instance (2/2)
<br/>
<a href="/object/0x7f4508f78">java.lang.Integer #212 (20 bytes)</a>
 : instance (2/2)
<br/>
<a href="/object/0x7f4508f90">java.lang.Integer #213 (20 bytes)</a>
 : instance (2/2)
<br/>
<a href="/object/0x7f4508fa8">java.lang.Integer #214 (20 bytes)</a>
 : instance (2/2)
<br/>
<a href="/object/0x7f4508fc0">java.lang.Integer #215 (20 bytes)</a>
 : instance (2/2)
<br/>
<a href="/object/0x7f4508fd8">java.lang.Integer #216 (20 bytes)</a>
 : instance (2/2)
<br/>
<a href="/object/0x7f4508ff0">java.lang.Integer #217 (20 bytes)</a>
 : instance (2/2)
<br/>
<a href="/object/0x7f4509008">java.lang.Integer #218 (20 bytes)</a>
 : instance (2/2)
<br/>
<a href="/object/0x7f4509020">java.lang.Integer #219 (20 bytes)</a>
 : instance (2/2)
<br/>
<a href="/object/0x7f4509038">java.lang.Integer #220 (20 bytes)</a>
 : instance (2/2)
<br/>
<a href="/object/0x7f4509050">java.lang.Integer #221 (20 bytes)</a>
 : instance (2/2)
<br/>
<a href="/object/0x7f4509068">java.lang.Integer #222 (20 bytes)</a>
 : instance (2/2)
<br/>
<a href="/object/0x7f4509080">java.lang.Integer #223 (20 bytes)</a>
 : instance (2/2)
<br/>
<a href="/object/0x7f4509098">java.lang.Integer #224 (20 bytes)</a>
 : instance (2/2)
<br/>
<a href="/object/0x7f45090b0">java.lang.Integer #225 (20 bytes)</a>
 : instance (2/2)
<br/>
<a href="/object/0x7f45090c8">java.lang.Integer #226 (20 bytes)</a>
 : instance (2/2)
<br/>
<a href="/object/0x7f45090e0">java.lang.Integer #227 (20 bytes)</a>
 : instance (2/2)
<br/>
<a href="/object/0x7f45090f8">java.lang.Integer #228 (20 bytes)</a>
 : instance (2/2)
<br/>
<a href="/object/0x7f4509110">java.lang.Integer #229 (20 bytes)</a>
 : instance (2/2)
<br/>
<a href="/object/0x7f4509128">java.lang.Integer #230 (20 bytes)</a>
 : instance (2/2)
<br/>
<a href="/object/0x7f4509140">java.lang.Integer #231 (20 bytes)</a>
 : instance (2/2)
<br/>
<a href="/object/0x7f4509158">java.lang.Integer #232 (20 bytes)</a>
 : instance (2/2)
<br/>
<a href="/object/0x7f4509170">java.lang.Integer #233 (20 bytes)</a>
 : instance (2/2)
<br/>
<a href="/object/0x7f4509188">java.lang.Integer #234 (20 bytes)</a>
 : instance (2/2)
<br/>
<a href="/object/0x7f45091a0">java.lang.Integer #235 (20 bytes)</a>
 : instance (2/2)
<br/>
<a href="/object/0x7f45091b8">java.lang.Integer #236 (20 bytes)</a>
 : instance (2/2)
<br/>
<a href="/object/0x7f45091d0">java.lang.Integer #237 (20 bytes)</a>
 : instance (2/2)
<br/>
<a href="/object/0x7f45091e8">java.lang.Integer #238 (20 bytes)</a>
 : instance (2/2)
<br/>
<a href="/object/0x7f4509200">java.lang.Integer #239 (20 bytes)</a>
 : instance (2/2)
<br/>
<a href="/object/0x7f4509218">java.lang.Integer #240 (20 bytes)</a>
 : instance (2/2)
<br/>
<a href="/object/0x7f4509230">java.lang.Integer #241 (20 bytes)</a>
 : instance (2/2)
<br/>
<a href="/object/0x7f4509248">java.lang.Integer #242 (20 bytes)</a>
 : instance (2/2)
<br/>
<a href="/object/0x7f4509260">java.lang.Integer #243 (20 bytes)</a>
 : instance (2/2)
<br/>
<a href="/object/0x7f4509278">java.lang.Integer #244 (20 bytes)</a>
 : instance (2/2)
<br/>
<a href="/object/0x7f4509290">java.lang.Integer #245 (20 bytes)</a>
 : instance (2/2)
<br/>
<a href="/object/0x7f45092a8">java.lang.Integer #246 (20 bytes)</a>
 : instance (2/2)
<br/>
<a href="/object/0x7f45092c0">java.lang.Integer #247 (20 bytes)</a>
 : instance (2/2)
<br/>
<a href="/object/0x7f45092d8">java.lang.Integer #248 (20 bytes)</a>
 : instance (2/2)
<br/>
<a href="/object/0x7f45092f0">java.lang.Integer #249 (20 bytes)</a>
 : instance (2/2)
<br/>
<a href="/object/0x7f4509308">java.lang.Integer #250 (20 bytes)</a>
 : instance (2/2)
<br/>
<a href="/object/0x7f4509320">java.lang.Integer #251 (20 bytes)</a>
 : instance (2/2)
<br/>
<a href="/object/0x7f4509338">java.lang.Integer #252 (20 bytes)</a>
 : instance (2/2)
<br/>
<a href="/object/0x7f4509350">java.lang.Integer #253 (20 bytes)</a>
 : instance (2/2)
<br/>
<a href="/object/0x7f4509368">java.lang.Integer #254 (20 bytes)</a>
 : instance (2/2)
<br/>
<a href="/object/0x7f4509380">java.lang.Integer #255 (20 bytes)</a>
 : instance (2/2)
<br/>
<a href="/object/0x7f4509398">java.lang.Integer #256 (20 bytes)</a>
 : instance (2/2)
<br/>
<a href="/object/0x7f45093b0">java.lang.Integer #257 (20 bytes)</a>
 : instance (2/2)
<br/>
<a href="/object/0x7f45093c8">java.lang.Integer #258 (20 bytes)</a>
 : instance (2/2)
<br/>
<a href="/object/0x7f45093e0">java.lang.Integer #259 (20 bytes)</a>
 : instance (2/2)
<br/>
<a href="/object/0x7f453c8b8">java.lang.Integer #260 (20 bytes)</a>
 : instance (4/4)
<br/>
<a href="/object/0x7f453c9e8">java.lang.Integer #261 (20 bytes)</a>
 : instance (4/4)
<br/>
<a href="/object/0x7f453cb18">java.lang.Integer #262 (20 bytes)</a>
 : instance (4/4)
<br/>
<a href="/object/0x7f453cc48">java.lang.Integer #263 (20 bytes)</a>
 : instance (4/4)
<br/>
<a href="/object/0x7f453cd78">java.lang.Integer #264 (20 bytes)</a>
 : instance (4/4)
<br/>
<a href="/object/0x7f453cea8">java.lang.Integer #265 (20 bytes)</a>
 : instance (4/4)
<br/>
<a href="/object/0x7f453cfd8">java.lang.Integer #266 (20 bytes)</a>
 : instance (4/4)
<br/>
<a href="/object/0x7f453d108">java.lang.Integer #267 (20 bytes)</a>
 : instance (4/4)
<br/>
<a href="/object/0x7f453d238">java.lang.Integer #268 (20 bytes)</a>
 : instance (4/4)
<br/>
<a href="/object/0x7f4540610">java.lang.Integer #269 (20 bytes)</a>
 : instance (2/3)
<br/>
<a href="/object/0x7f4540648">java.lang.Integer #270 (20 bytes)</a>
 : instance (2/3)
<br/>
<a href="/object/0x7f4540680">java.lang.Integer #271 (20 bytes)</a>
 : instance (2/2)
<br/>
<a href="/object/0x7f45406b8">java.lang.Integer #272 (20 bytes)</a>
 : instance (2/3)
<br/>
<a href="/object/0x7f45406f0">java.lang.Integer #273 (20 bytes)</a>
 : instance (2/2)
<br/>
<a href="/object/0x7f4540728">java.lang.Integer #274 (20 bytes)</a>
 : instance (2/3)
<br/>
<a href="/object/0x7f4540760">java.lang.Integer #275 (20 bytes)</a>
 : instance (2/2)
<br/>
<a href="/object/0x7f4540798">java.lang.Integer #276 (20 bytes)</a>
 : instance (2/3)
<br/>
<a href="/object/0x7f45407d0">java.lang.Integer #277 (20 bytes)</a>
 : instance (2/2)
<br/>
<a href="/object/0x7f4540808">java.lang.Integer #278 (20 bytes)</a>
 : instance (2/2)
<br/>
<a href="/object/0x7f4540840">java.lang.Integer #279 (20 bytes)</a>
 : instance (2/3)
<br/>
<a href="/object/0x7f4540878">java.lang.Integer #280 (20 bytes)</a>
 : instance (2/3)
<br/>
<a href="/object/0x7f45408b0">java.lang.Integer #281 (20 bytes)</a>
 : instance (2/3)
<br/>
<a href="/object/0x7f4540978">java.lang.Integer #282 (20 bytes)</a>
 : instance (2/3)
<br/>
<a href="/object/0x7f4543810">java.util.WeakHashMap$Entry #19 (68 bytes)</a>
 : field referent (3/3)
<br/>
<a href="/object/0x7f45437d8">com.sun.jmx.mbeanserver.OpenConverter$IdentityConverter #19 (40 bytes)</a>
 : field openClass/field targetType (3/5)
<br/>
<h2>Other Queries</h2>
Reference Chains from Rootset
<ul>
<li>
<a href="/objectRootsExcWeak/0x7faea2a30">Exclude weak refs</a>
</li>
<li>
<a href="/objectRootsIncWeak/0x7faea2a30">Include weak refs</a>
</li>
</ul>
<a href="/reachableFrom/0x7faea2a30">Objects reachable from here</a>
<br/>
    </div> <!-- /container -->
    <script src="/js/jquery-2.0.3.min.js"></script>
    <script src="/js/bootstrap.js"></script>
  </body>
</html>

