<!DOCTYPE html>
<html lang="en">
  <head>
    <meta charset="utf-8"/>
    <title>Welcome to SHelmet</title>
    <meta name="viewport" content="width=device-width, initial-scale=1.0"/>
    <meta name="description" content=""/>
    <meta name="author" content=""/>

    <link href="/css/bootstrap.css" rel="stylesheet"/>
    <style type="text/css">
      body {
        padding-top: 60px;
        padding-bottom: 40px;
      }
    </style>
    <link href="/css/bootstrap-responsive.css" rel="stylesheet"/>

    <!-- HTML5 shim, for IE6-8 support of HTML5 elements -->
    <!--[if lt IE 9]>
      <script src="/js/html5shiv.js"></script>
    <![endif]-->
  </head>
  <body>
    <div class="navbar navbar-inverse navbar-fixed-top">
      <div class="navbar-inner">
        <div class="container">
          <button type="button" class="btn btn-navbar" data-toggle="collapse" data-target=".nav-collapse">
            <span class="icon-bar"></span>
            <span class="icon-bar"></span>
            <span class="icon-bar"></span>
          </button>
          <a class="brand" href="/">SHelmet</a>
          <div class="nav-collapse collapse">
            <ul class="nav">
              <li class="active"><a href="/">Home</a></li>
              <li class="dropdown">
                <a href="#" class="dropdown-toggle" data-toggle="dropdown">Reports<b class="caret"></b></a>
                <ul class="dropdown-menu">
                  <li class="nav-header">Classes</li>
                  <li><a href="/allClassesWithPlatform/">Including platform</a></li>
                  <li><a href="/allClassesWithoutPlatform/">Excluding platform</a></li>
                  <li class="divider"></li>
                  <li><a href="/rootSet">RootSet</a></li>
                  <li class="divider"></li>
                  <li class="nav-header">Instance Counts</li>
                  <li><a href="/showInstanceCountsIncPlatform/">Including platform</a></li>
                  <li><a href="/showInstanceCountsExcPlatform/">Excluding platform</a></li>
                  <li class="divider"></li>
                  <li><a href="/histogram/">Heap histogram</a></li>
                  <li class="divider"></li>
                  <li><a href="/finalizerSummary/">Finalizer summary</a></li>
                </ul>
              </li>
              <li><a href="/about">About</a></li>
            </ul>
          </div><!--/.nav-collapse -->
        </div>
      </div>
    </div>

    <div class="container">

<h1>Welcome to SHelmet</h1>
 Welcome to SHelmet, use the links under 'Reports' above to begin browsing your heap.

<table class="table table-bordered table-condensed">
<tr>
<td>
Creation time:
</td>
<td>
Thu May 09 22:37:11 BST 2013
</td>
</tr>
<tr>
<td>
No Objects:
</td>
<td>
<a href="/showInstanceCountsIncPlatform/">16449</a>
</td>
</tr>
<tr>
<td>
Classes (including system classes):
</td>
<td>
<a href="/allClassesWithPlatform/">984</a>
</td>
</tr>
<tr>
<td>
User Classes:
</td>
<td>
<a href="/allClassesWithoutPlatform/">3</a>
</td>
</tr>
</table>
    </div> <!-- /container -->
    <script src="/js/jquery-2.0.3.min.js"></script>
    <script src="/js/bootstrap.js"></script>
  </body>
</html>

