<!DOCTYPE html>
<html lang="en">
  <head>
    <meta charset="utf-8"/>
    <title>Instances of 0x7fae220b0 (including subclasses)</title>
    <meta name="viewport" content="width=device-width, initial-scale=1.0"/>
    <meta name="description" content=""/>
    <meta name="author" content=""/>

    <link href="/css/bootstrap.css" rel="stylesheet"/>
    <style type="text/css">
      body {
        padding-top: 60px;
        padding-bottom: 40px;
      }
    </style>
    <link href="/css/bootstrap-responsive.css" rel="stylesheet"/>

    <!-- HTML5 shim, for IE6-8 support of HTML5 elements -->
    <!--[if lt IE 9]>
      <script src="/js/html5shiv.js"></script>
    <![endif]-->
  </head>
  <body>
    <div class="navbar navbar-inverse navbar-fixed-top">
      <div class="navbar-inner">
        <div class="container">
          <button type="button" class="btn btn-navbar" data-toggle="collapse" data-target=".nav-collapse">
            <span class="icon-bar"></span>
            <span class="icon-bar"></span>
            <span class="icon-bar"></span>
          </button>
          <a class="brand" href="/">SHelmet</a>
          <div class="nav-collapse collapse">
            <ul class="nav">
              <li class="active"><a href="/">Home</a></li>
              <li class="dropdown">
                <a href="#" class="dropdown-toggle" data-toggle="dropdown">Reports<b class="caret"></b></a>
                <ul class="dropdown-menu">
                  <li class="nav-header">Classes</li>
                  <li><a href="/allClassesWithPlatform/">Including platform</a></li>
                  <li><a href="/allClassesWithoutPlatform/">Excluding platform</a></li>
                  <li class="divider"></li>
                  <li><a href="/rootSet">RootSet</a></li>
                  <li class="divider"></li>
                  <li class="nav-header">Instance Counts</li>
                  <li><a href="/showInstanceCountsIncPlatform/">Including platform</a></li>
                  <li><a href="/showInstanceCountsExcPlatform/">Excluding platform</a></li>
                  <li class="divider"></li>
                  <li><a href="/histogram/">Heap histogram</a></li>
                  <li class="divider"></li>
                  <li><a href="/finalizerSummary/">Finalizer summary</a></li>
                </ul>
              </li>
              <li><a href="/about">About</a></li>
            </ul>
          </div><!--/.nav-collapse -->
        </div>
      </div>
    </div>

    <div class="container">

<h1>Instances of 0x7fae220b0 (including subclasses)</h1>
<strong><a href="/object/0x7fae220b0">class byte[]</a>
</strong><br/><br/><a href="/object/0x7f44ca0c8">byte[] #1 (18 bytes)</a>
<br/>
<a href="/object/0x7f44cb190">byte[] #2 (16400 bytes)</a>
<br/>
<a href="/object/0x7f44cd1d8">byte[] #3 (272 bytes)</a>
<br/>
<a href="/object/0x7f44cd2f0">byte[] #4 (18 bytes)</a>
<br/>
<a href="/object/0x7f44cd338">byte[] #5 (16400 bytes)</a>
<br/>
<a href="/object/0x7f44d33c0">byte[] #6 (272 bytes)</a>
<br/>
<a href="/object/0x7f44d34d8">byte[] #7 (18 bytes)</a>
<br/>
<a href="/object/0x7f44d3520">byte[] #8 (16400 bytes)</a>
<br/>
<a href="/object/0x7f44e9aa8">byte[] #9 (16 bytes)</a>
<br/>
<a href="/object/0x7f44ea2a8">byte[] #10 (160 bytes)</a>
<br/>
<a href="/object/0x7f44eae70">byte[] #11 (418 bytes)</a>
<br/>
<a href="/object/0x7f44ebb90">byte[] #12 (160 bytes)</a>
<br/>
<a href="/object/0x7f44ec3b8">byte[] #13 (3128 bytes)</a>
<br/>
<a href="/object/0x7f44ef858">byte[] #14 (418 bytes)</a>
<br/>
<a href="/object/0x7f44f0580">byte[] #15 (984 bytes)</a>
<br/>
<a href="/object/0x7f44f2870">byte[] #16 (154 bytes)</a>
<br/>
<a href="/object/0x7f44f34a0">byte[] #17 (132 bytes)</a>
<br/>
<a href="/object/0x7f44f7b80">byte[] #18 (528 bytes)</a>
<br/>
<a href="/object/0x7f4501090">byte[] #19 (80 bytes)</a>
<br/>
<a href="/object/0x7f45072f0">byte[] #20 (1908 bytes)</a>
<br/>
<a href="/object/0x7f4507728">byte[] #21 (108 bytes)</a>
<br/>
<a href="/object/0x7f4509570">byte[] #22 (1776 bytes)</a>
<br/>
<a href="/object/0x7f450a6a0">byte[] #23 (42 bytes)</a>
<br/>
<a href="/object/0x7f450a760">byte[] #24 (42 bytes)</a>
<br/>
<a href="/object/0x7f450a820">byte[] #25 (56 bytes)</a>
<br/>
<a href="/object/0x7f450a8e8">byte[] #26 (78 bytes)</a>
<br/>
<a href="/object/0x7f450a9b8">byte[] #27 (90 bytes)</a>
<br/>
<a href="/object/0x7f450aa90">byte[] #28 (76 bytes)</a>
<br/>
<a href="/object/0x7f450af70">byte[] #29 (78 bytes)</a>
<br/>
<a href="/object/0x7f450b040">byte[] #30 (90 bytes)</a>
<br/>
<a href="/object/0x7f450b118">byte[] #31 (66 bytes)</a>
<br/>
<a href="/object/0x7f450b390">byte[] #32 (24 bytes)</a>
<br/>
<a href="/object/0x7f450b3a8">byte[] #33 (24 bytes)</a>
<br/>
<a href="/object/0x7f450b3c0">byte[] #34 (24 bytes)</a>
<br/>
<a href="/object/0x7f450b3d8">byte[] #35 (24 bytes)</a>
<br/>
<a href="/object/0x7f450b3f0">byte[] #36 (24 bytes)</a>
<br/>
<a href="/object/0x7f450b408">byte[] #37 (24 bytes)</a>
<br/>
<a href="/object/0x7f450b420">byte[] #38 (24 bytes)</a>
<br/>
<a href="/object/0x7f450b438">byte[] #39 (24 bytes)</a>
<br/>
<a href="/object/0x7f450b450">byte[] #40 (24 bytes)</a>
<br/>
<a href="/object/0x7f450b468">byte[] #41 (24 bytes)</a>
<br/>
<a href="/object/0x7f450b480">byte[] #42 (24 bytes)</a>
<br/>
<a href="/object/0x7f450b498">byte[] #43 (24 bytes)</a>
<br/>
<a href="/object/0x7f450b4b0">byte[] #44 (24 bytes)</a>
<br/>
<a href="/object/0x7f450b4c8">byte[] #45 (24 bytes)</a>
<br/>
<a href="/object/0x7f450b4e0">byte[] #46 (24 bytes)</a>
<br/>
<a href="/object/0x7f450b4f8">byte[] #47 (24 bytes)</a>
<br/>
<a href="/object/0x7f450b670">byte[] #48 (896 bytes)</a>
<br/>
<a href="/object/0x7f450bb68">byte[] #49 (280 bytes)</a>
<br/>
<a href="/object/0x7f450bc00">byte[] #50 (280 bytes)</a>
<br/>
<a href="/object/0x7f450bdd0">byte[] #51 (24 bytes)</a>
<br/>
<a href="/object/0x7f450d308">byte[] #52 (24 bytes)</a>
<br/>
<a href="/object/0x7f450d688">byte[] #53 (60 bytes)</a>
<br/>
<a href="/object/0x7f450d890">byte[] #54 (56 bytes)</a>
<br/>
<a href="/object/0x7f450d8e0">byte[] #55 (64 bytes)</a>
<br/>
<a href="/object/0x7f450daf8">byte[] #56 (56 bytes)</a>
<br/>
<a href="/object/0x7f450db48">byte[] #57 (60 bytes)</a>
<br/>
<a href="/object/0x7f450e008">byte[] #58 (1944 bytes)</a>
<br/>
<a href="/object/0x7f450e450">byte[] #59 (108 bytes)</a>
<br/>
<a href="/object/0x7f450e4c8">byte[] #60 (1812 bytes)</a>
<br/>
<a href="/object/0x7f450e9f8">byte[] #61 (42 bytes)</a>
<br/>
<a href="/object/0x7f450eab8">byte[] #62 (42 bytes)</a>
<br/>
<a href="/object/0x7f450eb78">byte[] #63 (56 bytes)</a>
<br/>
<a href="/object/0x7f450ec40">byte[] #64 (78 bytes)</a>
<br/>
<a href="/object/0x7f450ed10">byte[] #65 (90 bytes)</a>
<br/>
<a href="/object/0x7f450ede8">byte[] #66 (76 bytes)</a>
<br/>
<a href="/object/0x7f450ef70">byte[] #67 (42 bytes)</a>
<br/>
<a href="/object/0x7f450f030">byte[] #68 (42 bytes)</a>
<br/>
<a href="/object/0x7f450f0f0">byte[] #69 (56 bytes)</a>
<br/>
<a href="/object/0x7f450f1b8">byte[] #70 (78 bytes)</a>
<br/>
<a href="/object/0x7f450f288">byte[] #71 (90 bytes)</a>
<br/>
<a href="/object/0x7f450f360">byte[] #72 (76 bytes)</a>
<br/>
<a href="/object/0x7f450f458">byte[] #73 (894 bytes)</a>
<br/>
<a href="/object/0x7f450f950">byte[] #74 (278 bytes)</a>
<br/>
<a href="/object/0x7f450f9e8">byte[] #75 (278 bytes)</a>
<br/>
<a href="/object/0x7f450fba0">byte[] #76 (24 bytes)</a>
<br/>
<a href="/object/0x7f450fc18">byte[] #77 (26 bytes)</a>
<br/>
<a href="/object/0x7f450fea8">byte[] #78 (64 bytes)</a>
<br/>
<a href="/object/0x7f450ff10">byte[] #79 (56 bytes)</a>
<br/>
<a href="/object/0x7f450ff60">byte[] #80 (60 bytes)</a>
<br/>
<a href="/object/0x7f450ffc0">byte[] #81 (56 bytes)</a>
<br/>
<a href="/object/0x7f4513a28">byte[] #82 (288 bytes)</a>
<br/>
<a href="/object/0x7f4514870">byte[] #83 (220 bytes)</a>
<br/>
<a href="/object/0x7f451a370">byte[] #84 (1934 bytes)</a>
<br/>
<a href="/object/0x7f451d810">byte[] #85 (624 bytes)</a>
<br/>
<a href="/object/0x7f451fae0">byte[] #86 (2410 bytes)</a>
<br/>
<a href="/object/0x7f4524aa8">byte[] #87 (648 bytes)</a>
<br/>
<a href="/object/0x7f452b760">byte[] #88 (220 bytes)</a>
<br/>
<a href="/object/0x7f452d380">byte[] #89 (24 bytes)</a>
<br/>
<a href="/object/0x7f452de78">byte[] #90 (5022 bytes)</a>
<br/>
<a href="/object/0x7f4531370">byte[] #91 (80 bytes)</a>
<br/>
<a href="/object/0x7f4531918">byte[] #92 (1860 bytes)</a>
<br/>
<a href="/object/0x7f4532e18">byte[] #93 (80 bytes)</a>
<br/>
<a href="/object/0x7f4554bf0">byte[] #94 (18 bytes)</a>
<br/>
<h2>Total of 94 instances occupying 82366 bytes.</h2>
    </div> <!-- /container -->
    <script src="/js/jquery-2.0.3.min.js"></script>
    <script src="/js/bootstrap.js"></script>
  </body>
</html>

