<!DOCTYPE html>
<html lang="en">
  <head>
    <meta charset="utf-8"/>
    <title>Instances of 0x7faeff1f8</title>
    <meta name="viewport" content="width=device-width, initial-scale=1.0"/>
    <meta name="description" content=""/>
    <meta name="author" content=""/>

    <link href="/css/bootstrap.css" rel="stylesheet"/>
    <style type="text/css">
      body {
        padding-top: 60px;
        padding-bottom: 40px;
      }
    </style>
    <link href="/css/bootstrap-responsive.css" rel="stylesheet"/>

    <!-- HTML5 shim, for IE6-8 support of HTML5 elements -->
    <!--[if lt IE 9]>
      <script src="/js/html5shiv.js"></script>
    <![endif]-->
  </head>
  <body>
    <div class="navbar navbar-inverse navbar-fixed-top">
      <div class="navbar-inner">
        <div class="container">
          <button type="button" class="btn btn-navbar" data-toggle="collapse" data-target=".nav-collapse">
            <span class="icon-bar"></span>
            <span class="icon-bar"></span>
            <span class="icon-bar"></span>
          </button>
          <a class="brand" href="/">SHelmet</a>
          <div class="nav-collapse collapse">
            <ul class="nav">
              <li class="active"><a href="/">Home</a></li>
              <li class="dropdown">
                <a href="#" class="dropdown-toggle" data-toggle="dropdown">Reports<b class="caret"></b></a>
                <ul class="dropdown-menu">
                  <li class="nav-header">Classes</li>
                  <li><a href="/allClassesWithPlatform">Including platform</a></li>
                  <li><a href="/allClassesWithoutPlatform">Excluding platform</a></li>
                  <li class="divider"></li>
                  <li><a href="/rootSet">RootSet</a></li>
                  <li class="divider"></li>
                  <li class="nav-header">Instance Counts</li>
                  <li><a href="/showInstanceCountsIncPlatform">Including platform</a></li>
                  <li><a href="/showInstanceCountsExcPlatform">Excluding platform</a></li>
                  <li class="divider"></li>
                  <li><a href="/histogram">Heap histogram</a></li>
                  <li class="divider"></li>
                  <li><a href="/finalizerSummary">Finalizer summary</a></li>
                </ul>
              </li>
              <li><a href="/about">About</a></li>
            </ul>
          </div><!--/.nav-collapse -->
        </div>
      </div>
    </div>

    <div class="container">

<h1>Instances of 0x7faeff1f8</h1>
<strong><a href="/object/0x7faeff1f8">class java.util.Hashtable$Entry</a>
</strong><br/><br/><a href="/object/0x7f44c0f30">java.util.Hashtable$Entry @ 0x7f44c0f30 (32 bytes)</a>
<br/>
<a href="/object/0x7f44c1020">java.util.Hashtable$Entry @ 0x7f44c1020 (32 bytes)</a>
<br/>
<a href="/object/0x7f44c1108">java.util.Hashtable$Entry @ 0x7f44c1108 (32 bytes)</a>
<br/>
<a href="/object/0x7f44c1170">java.util.Hashtable$Entry @ 0x7f44c1170 (32 bytes)</a>
<br/>
<a href="/object/0x7f44c1220">java.util.Hashtable$Entry @ 0x7f44c1220 (32 bytes)</a>
<br/>
<a href="/object/0x7f44c12f0">java.util.Hashtable$Entry @ 0x7f44c12f0 (32 bytes)</a>
<br/>
<a href="/object/0x7f44c13d0">java.util.Hashtable$Entry @ 0x7f44c13d0 (32 bytes)</a>
<br/>
<a href="/object/0x7f44c1480">java.util.Hashtable$Entry @ 0x7f44c1480 (32 bytes)</a>
<br/>
<a href="/object/0x7f44c1540">java.util.Hashtable$Entry @ 0x7f44c1540 (32 bytes)</a>
<br/>
<a href="/object/0x7f44c15e0">java.util.Hashtable$Entry @ 0x7f44c15e0 (32 bytes)</a>
<br/>
<a href="/object/0x7f44c1688">java.util.Hashtable$Entry @ 0x7f44c1688 (32 bytes)</a>
<br/>
<a href="/object/0x7f44c1728">java.util.Hashtable$Entry @ 0x7f44c1728 (32 bytes)</a>
<br/>
<a href="/object/0x7f44c17e8">java.util.Hashtable$Entry @ 0x7f44c17e8 (32 bytes)</a>
<br/>
<a href="/object/0x7f44c1890">java.util.Hashtable$Entry @ 0x7f44c1890 (32 bytes)</a>
<br/>
<a href="/object/0x7f44c1938">java.util.Hashtable$Entry @ 0x7f44c1938 (32 bytes)</a>
<br/>
<a href="/object/0x7f44c19e0">java.util.Hashtable$Entry @ 0x7f44c19e0 (32 bytes)</a>
<br/>
<a href="/object/0x7f44c1a88">java.util.Hashtable$Entry @ 0x7f44c1a88 (32 bytes)</a>
<br/>
<a href="/object/0x7f44c1b30">java.util.Hashtable$Entry @ 0x7f44c1b30 (32 bytes)</a>
<br/>
<a href="/object/0x7f44c1bd0">java.util.Hashtable$Entry @ 0x7f44c1bd0 (32 bytes)</a>
<br/>
<a href="/object/0x7f44c1c40">java.util.Hashtable$Entry @ 0x7f44c1c40 (32 bytes)</a>
<br/>
<a href="/object/0x7f44c1cf0">java.util.Hashtable$Entry @ 0x7f44c1cf0 (32 bytes)</a>
<br/>
<a href="/object/0x7f44c1da8">java.util.Hashtable$Entry @ 0x7f44c1da8 (32 bytes)</a>
<br/>
<a href="/object/0x7f44c1e78">java.util.Hashtable$Entry @ 0x7f44c1e78 (32 bytes)</a>
<br/>
<a href="/object/0x7f44c1f20">java.util.Hashtable$Entry @ 0x7f44c1f20 (32 bytes)</a>
<br/>
<a href="/object/0x7f44c1fd0">java.util.Hashtable$Entry @ 0x7f44c1fd0 (32 bytes)</a>
<br/>
<a href="/object/0x7f44c2080">java.util.Hashtable$Entry @ 0x7f44c2080 (32 bytes)</a>
<br/>
<a href="/object/0x7f44c2178">java.util.Hashtable$Entry @ 0x7f44c2178 (32 bytes)</a>
<br/>
<a href="/object/0x7f44c2270">java.util.Hashtable$Entry @ 0x7f44c2270 (32 bytes)</a>
<br/>
<a href="/object/0x7f44c2368">java.util.Hashtable$Entry @ 0x7f44c2368 (32 bytes)</a>
<br/>
<a href="/object/0x7f44c2428">java.util.Hashtable$Entry @ 0x7f44c2428 (32 bytes)</a>
<br/>
<a href="/object/0x7f44c2500">java.util.Hashtable$Entry @ 0x7f44c2500 (32 bytes)</a>
<br/>
<a href="/object/0x7f44c25b0">java.util.Hashtable$Entry @ 0x7f44c25b0 (32 bytes)</a>
<br/>
<a href="/object/0x7f44c2668">java.util.Hashtable$Entry @ 0x7f44c2668 (32 bytes)</a>
<br/>
<a href="/object/0x7f44c2750">java.util.Hashtable$Entry @ 0x7f44c2750 (32 bytes)</a>
<br/>
<a href="/object/0x7f44c2858">java.util.Hashtable$Entry @ 0x7f44c2858 (32 bytes)</a>
<br/>
<a href="/object/0x7f44c2a98">java.util.Hashtable$Entry @ 0x7f44c2a98 (32 bytes)</a>
<br/>
<a href="/object/0x7f44c2b58">java.util.Hashtable$Entry @ 0x7f44c2b58 (32 bytes)</a>
<br/>
<a href="/object/0x7f44c2c00">java.util.Hashtable$Entry @ 0x7f44c2c00 (32 bytes)</a>
<br/>
<a href="/object/0x7f44c2cb8">java.util.Hashtable$Entry @ 0x7f44c2cb8 (32 bytes)</a>
<br/>
<a href="/object/0x7f44c2db8">java.util.Hashtable$Entry @ 0x7f44c2db8 (32 bytes)</a>
<br/>
<a href="/object/0x7f44c2e78">java.util.Hashtable$Entry @ 0x7f44c2e78 (32 bytes)</a>
<br/>
<a href="/object/0x7f44c2f58">java.util.Hashtable$Entry @ 0x7f44c2f58 (32 bytes)</a>
<br/>
<a href="/object/0x7f44c2fc0">java.util.Hashtable$Entry @ 0x7f44c2fc0 (32 bytes)</a>
<br/>
<a href="/object/0x7f44c31b8">java.util.Hashtable$Entry @ 0x7f44c31b8 (32 bytes)</a>
<br/>
<a href="/object/0x7f44c3300">java.util.Hashtable$Entry @ 0x7f44c3300 (32 bytes)</a>
<br/>
<a href="/object/0x7f44c3440">java.util.Hashtable$Entry @ 0x7f44c3440 (32 bytes)</a>
<br/>
<a href="/object/0x7f44c35d0">java.util.Hashtable$Entry @ 0x7f44c35d0 (32 bytes)</a>
<br/>
<a href="/object/0x7f44c36e8">java.util.Hashtable$Entry @ 0x7f44c36e8 (32 bytes)</a>
<br/>
<a href="/object/0x7f44c5258">java.util.Hashtable$Entry @ 0x7f44c5258 (32 bytes)</a>
<br/>
<a href="/object/0x7f44c58d8">java.util.Hashtable$Entry @ 0x7f44c58d8 (32 bytes)</a>
<br/>
<a href="/object/0x7f44c59c0">java.util.Hashtable$Entry @ 0x7f44c59c0 (32 bytes)</a>
<br/>
<a href="/object/0x7f44c5a88">java.util.Hashtable$Entry @ 0x7f44c5a88 (32 bytes)</a>
<br/>
<a href="/object/0x7f44c5b40">java.util.Hashtable$Entry @ 0x7f44c5b40 (32 bytes)</a>
<br/>
<a href="/object/0x7f44c5bf0">java.util.Hashtable$Entry @ 0x7f44c5bf0 (32 bytes)</a>
<br/>
<a href="/object/0x7f44c5cf0">java.util.Hashtable$Entry @ 0x7f44c5cf0 (32 bytes)</a>
<br/>
<a href="/object/0x7f44c5e50">java.util.Hashtable$Entry @ 0x7f44c5e50 (32 bytes)</a>
<br/>
<a href="/object/0x7f44c5f10">java.util.Hashtable$Entry @ 0x7f44c5f10 (32 bytes)</a>
<br/>
<a href="/object/0x7f44c6000">java.util.Hashtable$Entry @ 0x7f44c6000 (32 bytes)</a>
<br/>
<a href="/object/0x7f44c60b8">java.util.Hashtable$Entry @ 0x7f44c60b8 (32 bytes)</a>
<br/>
<a href="/object/0x7f44c60d8">java.util.Hashtable$Entry @ 0x7f44c60d8 (32 bytes)</a>
<br/>
<a href="/object/0x7f44d9658">java.util.Hashtable$Entry @ 0x7f44d9658 (32 bytes)</a>
<br/>
<a href="/object/0x7f44d9678">java.util.Hashtable$Entry @ 0x7f44d9678 (32 bytes)</a>
<br/>
<a href="/object/0x7f44d96f8">java.util.Hashtable$Entry @ 0x7f44d96f8 (32 bytes)</a>
<br/>
<a href="/object/0x7f44d9718">java.util.Hashtable$Entry @ 0x7f44d9718 (32 bytes)</a>
<br/>
<a href="/object/0x7f44d9768">java.util.Hashtable$Entry @ 0x7f44d9768 (32 bytes)</a>
<br/>
<a href="/object/0x7f44d9788">java.util.Hashtable$Entry @ 0x7f44d9788 (32 bytes)</a>
<br/>
<a href="/object/0x7f44de638">java.util.Hashtable$Entry @ 0x7f44de638 (32 bytes)</a>
<br/>
<a href="/object/0x7f44f9610">java.util.Hashtable$Entry @ 0x7f44f9610 (32 bytes)</a>
<br/>
<a href="/object/0x7f44f9a68">java.util.Hashtable$Entry @ 0x7f44f9a68 (32 bytes)</a>
<br/>
<a href="/object/0x7f44f9a88">java.util.Hashtable$Entry @ 0x7f44f9a88 (32 bytes)</a>
<br/>
<a href="/object/0x7f44f9aa8">java.util.Hashtable$Entry @ 0x7f44f9aa8 (32 bytes)</a>
<br/>
<a href="/object/0x7f44f9cd8">java.util.Hashtable$Entry @ 0x7f44f9cd8 (32 bytes)</a>
<br/>
<a href="/object/0x7f44f9db8">java.util.Hashtable$Entry @ 0x7f44f9db8 (32 bytes)</a>
<br/>
<a href="/object/0x7f44f9ea0">java.util.Hashtable$Entry @ 0x7f44f9ea0 (32 bytes)</a>
<br/>
<a href="/object/0x7f44f9f80">java.util.Hashtable$Entry @ 0x7f44f9f80 (32 bytes)</a>
<br/>
<a href="/object/0x7f44fa078">java.util.Hashtable$Entry @ 0x7f44fa078 (32 bytes)</a>
<br/>
<a href="/object/0x7f44fa160">java.util.Hashtable$Entry @ 0x7f44fa160 (32 bytes)</a>
<br/>
<a href="/object/0x7f44fa248">java.util.Hashtable$Entry @ 0x7f44fa248 (32 bytes)</a>
<br/>
<a href="/object/0x7f44fa330">java.util.Hashtable$Entry @ 0x7f44fa330 (32 bytes)</a>
<br/>
<a href="/object/0x7f44fa428">java.util.Hashtable$Entry @ 0x7f44fa428 (32 bytes)</a>
<br/>
<a href="/object/0x7f44fa510">java.util.Hashtable$Entry @ 0x7f44fa510 (32 bytes)</a>
<br/>
<a href="/object/0x7f44fa5e0">java.util.Hashtable$Entry @ 0x7f44fa5e0 (32 bytes)</a>
<br/>
<a href="/object/0x7f44fa6e8">java.util.Hashtable$Entry @ 0x7f44fa6e8 (32 bytes)</a>
<br/>
<a href="/object/0x7f44fa7c8">java.util.Hashtable$Entry @ 0x7f44fa7c8 (32 bytes)</a>
<br/>
<a href="/object/0x7f44fa8b8">java.util.Hashtable$Entry @ 0x7f44fa8b8 (32 bytes)</a>
<br/>
<a href="/object/0x7f44fa990">java.util.Hashtable$Entry @ 0x7f44fa990 (32 bytes)</a>
<br/>
<a href="/object/0x7f44faa48">java.util.Hashtable$Entry @ 0x7f44faa48 (32 bytes)</a>
<br/>
<a href="/object/0x7f44fab08">java.util.Hashtable$Entry @ 0x7f44fab08 (32 bytes)</a>
<br/>
<a href="/object/0x7f44faca0">java.util.Hashtable$Entry @ 0x7f44faca0 (32 bytes)</a>
<br/>
<a href="/object/0x7f44fad48">java.util.Hashtable$Entry @ 0x7f44fad48 (32 bytes)</a>
<br/>
<a href="/object/0x7f44fae30">java.util.Hashtable$Entry @ 0x7f44fae30 (32 bytes)</a>
<br/>
<a href="/object/0x7f44fb668">java.util.Hashtable$Entry @ 0x7f44fb668 (32 bytes)</a>
<br/>
<a href="/object/0x7f44fbea8">java.util.Hashtable$Entry @ 0x7f44fbea8 (32 bytes)</a>
<br/>
<a href="/object/0x7f44fbf70">java.util.Hashtable$Entry @ 0x7f44fbf70 (32 bytes)</a>
<br/>
<a href="/object/0x7f44fc040">java.util.Hashtable$Entry @ 0x7f44fc040 (32 bytes)</a>
<br/>
<a href="/object/0x7f44fc110">java.util.Hashtable$Entry @ 0x7f44fc110 (32 bytes)</a>
<br/>
<a href="/object/0x7f44fc1e0">java.util.Hashtable$Entry @ 0x7f44fc1e0 (32 bytes)</a>
<br/>
<a href="/object/0x7f4500e30">java.util.Hashtable$Entry @ 0x7f4500e30 (32 bytes)</a>
<br/>
<a href="/object/0x7f4500e88">java.util.Hashtable$Entry @ 0x7f4500e88 (32 bytes)</a>
<br/>
<a href="/object/0x7f4500ea8">java.util.Hashtable$Entry @ 0x7f4500ea8 (32 bytes)</a>
<br/>
<a href="/object/0x7f4500ec8">java.util.Hashtable$Entry @ 0x7f4500ec8 (32 bytes)</a>
<br/>
<a href="/object/0x7f4501148">java.util.Hashtable$Entry @ 0x7f4501148 (32 bytes)</a>
<br/>
<a href="/object/0x7f4501190">java.util.Hashtable$Entry @ 0x7f4501190 (32 bytes)</a>
<br/>
<a href="/object/0x7f45011d8">java.util.Hashtable$Entry @ 0x7f45011d8 (32 bytes)</a>
<br/>
<a href="/object/0x7f4501220">java.util.Hashtable$Entry @ 0x7f4501220 (32 bytes)</a>
<br/>
<a href="/object/0x7f4501268">java.util.Hashtable$Entry @ 0x7f4501268 (32 bytes)</a>
<br/>
<a href="/object/0x7f45012b0">java.util.Hashtable$Entry @ 0x7f45012b0 (32 bytes)</a>
<br/>
<a href="/object/0x7f45012f8">java.util.Hashtable$Entry @ 0x7f45012f8 (32 bytes)</a>
<br/>
<a href="/object/0x7f4501340">java.util.Hashtable$Entry @ 0x7f4501340 (32 bytes)</a>
<br/>
<a href="/object/0x7f4501388">java.util.Hashtable$Entry @ 0x7f4501388 (32 bytes)</a>
<br/>
<a href="/object/0x7f45013d0">java.util.Hashtable$Entry @ 0x7f45013d0 (32 bytes)</a>
<br/>
<a href="/object/0x7f4501418">java.util.Hashtable$Entry @ 0x7f4501418 (32 bytes)</a>
<br/>
<a href="/object/0x7f4501460">java.util.Hashtable$Entry @ 0x7f4501460 (32 bytes)</a>
<br/>
<a href="/object/0x7f45014a8">java.util.Hashtable$Entry @ 0x7f45014a8 (32 bytes)</a>
<br/>
<a href="/object/0x7f45014f0">java.util.Hashtable$Entry @ 0x7f45014f0 (32 bytes)</a>
<br/>
<a href="/object/0x7f4501538">java.util.Hashtable$Entry @ 0x7f4501538 (32 bytes)</a>
<br/>
<a href="/object/0x7f4501580">java.util.Hashtable$Entry @ 0x7f4501580 (32 bytes)</a>
<br/>
<a href="/object/0x7f45015c8">java.util.Hashtable$Entry @ 0x7f45015c8 (32 bytes)</a>
<br/>
<a href="/object/0x7f4501610">java.util.Hashtable$Entry @ 0x7f4501610 (32 bytes)</a>
<br/>
<a href="/object/0x7f4501658">java.util.Hashtable$Entry @ 0x7f4501658 (32 bytes)</a>
<br/>
<a href="/object/0x7f45016a0">java.util.Hashtable$Entry @ 0x7f45016a0 (32 bytes)</a>
<br/>
<a href="/object/0x7f45016e8">java.util.Hashtable$Entry @ 0x7f45016e8 (32 bytes)</a>
<br/>
<a href="/object/0x7f4501730">java.util.Hashtable$Entry @ 0x7f4501730 (32 bytes)</a>
<br/>
<a href="/object/0x7f4501778">java.util.Hashtable$Entry @ 0x7f4501778 (32 bytes)</a>
<br/>
<a href="/object/0x7f45017c0">java.util.Hashtable$Entry @ 0x7f45017c0 (32 bytes)</a>
<br/>
<a href="/object/0x7f4501808">java.util.Hashtable$Entry @ 0x7f4501808 (32 bytes)</a>
<br/>
<a href="/object/0x7f4501850">java.util.Hashtable$Entry @ 0x7f4501850 (32 bytes)</a>
<br/>
<a href="/object/0x7f4501898">java.util.Hashtable$Entry @ 0x7f4501898 (32 bytes)</a>
<br/>
<a href="/object/0x7f45018e0">java.util.Hashtable$Entry @ 0x7f45018e0 (32 bytes)</a>
<br/>
<a href="/object/0x7f4501928">java.util.Hashtable$Entry @ 0x7f4501928 (32 bytes)</a>
<br/>
<a href="/object/0x7f4501970">java.util.Hashtable$Entry @ 0x7f4501970 (32 bytes)</a>
<br/>
<a href="/object/0x7f45019b8">java.util.Hashtable$Entry @ 0x7f45019b8 (32 bytes)</a>
<br/>
<a href="/object/0x7f4501a00">java.util.Hashtable$Entry @ 0x7f4501a00 (32 bytes)</a>
<br/>
<a href="/object/0x7f4501a48">java.util.Hashtable$Entry @ 0x7f4501a48 (32 bytes)</a>
<br/>
<a href="/object/0x7f4501a90">java.util.Hashtable$Entry @ 0x7f4501a90 (32 bytes)</a>
<br/>
<a href="/object/0x7f4501ad8">java.util.Hashtable$Entry @ 0x7f4501ad8 (32 bytes)</a>
<br/>
<a href="/object/0x7f4501b20">java.util.Hashtable$Entry @ 0x7f4501b20 (32 bytes)</a>
<br/>
<a href="/object/0x7f4501b68">java.util.Hashtable$Entry @ 0x7f4501b68 (32 bytes)</a>
<br/>
<a href="/object/0x7f4501bb0">java.util.Hashtable$Entry @ 0x7f4501bb0 (32 bytes)</a>
<br/>
<a href="/object/0x7f4501bf8">java.util.Hashtable$Entry @ 0x7f4501bf8 (32 bytes)</a>
<br/>
<a href="/object/0x7f4501c40">java.util.Hashtable$Entry @ 0x7f4501c40 (32 bytes)</a>
<br/>
<a href="/object/0x7f4501c88">java.util.Hashtable$Entry @ 0x7f4501c88 (32 bytes)</a>
<br/>
<a href="/object/0x7f4501cd0">java.util.Hashtable$Entry @ 0x7f4501cd0 (32 bytes)</a>
<br/>
<a href="/object/0x7f4501d18">java.util.Hashtable$Entry @ 0x7f4501d18 (32 bytes)</a>
<br/>
<a href="/object/0x7f4501d60">java.util.Hashtable$Entry @ 0x7f4501d60 (32 bytes)</a>
<br/>
<a href="/object/0x7f4501da8">java.util.Hashtable$Entry @ 0x7f4501da8 (32 bytes)</a>
<br/>
<a href="/object/0x7f4501df0">java.util.Hashtable$Entry @ 0x7f4501df0 (32 bytes)</a>
<br/>
<a href="/object/0x7f4501e38">java.util.Hashtable$Entry @ 0x7f4501e38 (32 bytes)</a>
<br/>
<a href="/object/0x7f4502090">java.util.Hashtable$Entry @ 0x7f4502090 (32 bytes)</a>
<br/>
<a href="/object/0x7f45020d8">java.util.Hashtable$Entry @ 0x7f45020d8 (32 bytes)</a>
<br/>
<a href="/object/0x7f4502120">java.util.Hashtable$Entry @ 0x7f4502120 (32 bytes)</a>
<br/>
<a href="/object/0x7f4502168">java.util.Hashtable$Entry @ 0x7f4502168 (32 bytes)</a>
<br/>
<a href="/object/0x7f45021b0">java.util.Hashtable$Entry @ 0x7f45021b0 (32 bytes)</a>
<br/>
<a href="/object/0x7f45021f8">java.util.Hashtable$Entry @ 0x7f45021f8 (32 bytes)</a>
<br/>
<a href="/object/0x7f4502240">java.util.Hashtable$Entry @ 0x7f4502240 (32 bytes)</a>
<br/>
<a href="/object/0x7f4502288">java.util.Hashtable$Entry @ 0x7f4502288 (32 bytes)</a>
<br/>
<a href="/object/0x7f45022d0">java.util.Hashtable$Entry @ 0x7f45022d0 (32 bytes)</a>
<br/>
<a href="/object/0x7f4502318">java.util.Hashtable$Entry @ 0x7f4502318 (32 bytes)</a>
<br/>
<a href="/object/0x7f4502360">java.util.Hashtable$Entry @ 0x7f4502360 (32 bytes)</a>
<br/>
<a href="/object/0x7f45023a8">java.util.Hashtable$Entry @ 0x7f45023a8 (32 bytes)</a>
<br/>
<a href="/object/0x7f45023f0">java.util.Hashtable$Entry @ 0x7f45023f0 (32 bytes)</a>
<br/>
<a href="/object/0x7f4502438">java.util.Hashtable$Entry @ 0x7f4502438 (32 bytes)</a>
<br/>
<a href="/object/0x7f4502480">java.util.Hashtable$Entry @ 0x7f4502480 (32 bytes)</a>
<br/>
<a href="/object/0x7f45024c8">java.util.Hashtable$Entry @ 0x7f45024c8 (32 bytes)</a>
<br/>
<a href="/object/0x7f4502510">java.util.Hashtable$Entry @ 0x7f4502510 (32 bytes)</a>
<br/>
<a href="/object/0x7f4502558">java.util.Hashtable$Entry @ 0x7f4502558 (32 bytes)</a>
<br/>
<a href="/object/0x7f45025a0">java.util.Hashtable$Entry @ 0x7f45025a0 (32 bytes)</a>
<br/>
<a href="/object/0x7f45025e8">java.util.Hashtable$Entry @ 0x7f45025e8 (32 bytes)</a>
<br/>
<a href="/object/0x7f4502940">java.util.Hashtable$Entry @ 0x7f4502940 (32 bytes)</a>
<br/>
<a href="/object/0x7f4502988">java.util.Hashtable$Entry @ 0x7f4502988 (32 bytes)</a>
<br/>
<a href="/object/0x7f4512830">java.util.Hashtable$Entry @ 0x7f4512830 (32 bytes)</a>
<br/>
<a href="/object/0x7f4512850">java.util.Hashtable$Entry @ 0x7f4512850 (32 bytes)</a>
<br/>
<a href="/object/0x7f4512870">java.util.Hashtable$Entry @ 0x7f4512870 (32 bytes)</a>
<br/>
<a href="/object/0x7f4512890">java.util.Hashtable$Entry @ 0x7f4512890 (32 bytes)</a>
<br/>
<a href="/object/0x7f45128b0">java.util.Hashtable$Entry @ 0x7f45128b0 (32 bytes)</a>
<br/>
<a href="/object/0x7f45128d0">java.util.Hashtable$Entry @ 0x7f45128d0 (32 bytes)</a>
<br/>
<a href="/object/0x7f45128f0">java.util.Hashtable$Entry @ 0x7f45128f0 (32 bytes)</a>
<br/>
<a href="/object/0x7f4512910">java.util.Hashtable$Entry @ 0x7f4512910 (32 bytes)</a>
<br/>
<a href="/object/0x7f4512930">java.util.Hashtable$Entry @ 0x7f4512930 (32 bytes)</a>
<br/>
<a href="/object/0x7f4512950">java.util.Hashtable$Entry @ 0x7f4512950 (32 bytes)</a>
<br/>
<a href="/object/0x7f4512970">java.util.Hashtable$Entry @ 0x7f4512970 (32 bytes)</a>
<br/>
<a href="/object/0x7f4512990">java.util.Hashtable$Entry @ 0x7f4512990 (32 bytes)</a>
<br/>
<a href="/object/0x7f45129b0">java.util.Hashtable$Entry @ 0x7f45129b0 (32 bytes)</a>
<br/>
<a href="/object/0x7f4512a78">java.util.Hashtable$Entry @ 0x7f4512a78 (32 bytes)</a>
<br/>
<a href="/object/0x7f4512a98">java.util.Hashtable$Entry @ 0x7f4512a98 (32 bytes)</a>
<br/>
<a href="/object/0x7f4512ab8">java.util.Hashtable$Entry @ 0x7f4512ab8 (32 bytes)</a>
<br/>
<a href="/object/0x7f4512b08">java.util.Hashtable$Entry @ 0x7f4512b08 (32 bytes)</a>
<br/>
<a href="/object/0x7f4512b28">java.util.Hashtable$Entry @ 0x7f4512b28 (32 bytes)</a>
<br/>
<a href="/object/0x7f4512b48">java.util.Hashtable$Entry @ 0x7f4512b48 (32 bytes)</a>
<br/>
<a href="/object/0x7f4512b68">java.util.Hashtable$Entry @ 0x7f4512b68 (32 bytes)</a>
<br/>
<a href="/object/0x7f4512b88">java.util.Hashtable$Entry @ 0x7f4512b88 (32 bytes)</a>
<br/>
<a href="/object/0x7f4512ba8">java.util.Hashtable$Entry @ 0x7f4512ba8 (32 bytes)</a>
<br/>
<a href="/object/0x7f4512bc8">java.util.Hashtable$Entry @ 0x7f4512bc8 (32 bytes)</a>
<br/>
<a href="/object/0x7f4512be8">java.util.Hashtable$Entry @ 0x7f4512be8 (32 bytes)</a>
<br/>
<a href="/object/0x7f4512c08">java.util.Hashtable$Entry @ 0x7f4512c08 (32 bytes)</a>
<br/>
<a href="/object/0x7f4512c28">java.util.Hashtable$Entry @ 0x7f4512c28 (32 bytes)</a>
<br/>
<a href="/object/0x7f4512c48">java.util.Hashtable$Entry @ 0x7f4512c48 (32 bytes)</a>
<br/>
<a href="/object/0x7f4512c68">java.util.Hashtable$Entry @ 0x7f4512c68 (32 bytes)</a>
<br/>
<a href="/object/0x7f4512d20">java.util.Hashtable$Entry @ 0x7f4512d20 (32 bytes)</a>
<br/>
<a href="/object/0x7f4512d40">java.util.Hashtable$Entry @ 0x7f4512d40 (32 bytes)</a>
<br/>
<a href="/object/0x7f4512d60">java.util.Hashtable$Entry @ 0x7f4512d60 (32 bytes)</a>
<br/>
<a href="/object/0x7f4512d80">java.util.Hashtable$Entry @ 0x7f4512d80 (32 bytes)</a>
<br/>
<a href="/object/0x7f4512da0">java.util.Hashtable$Entry @ 0x7f4512da0 (32 bytes)</a>
<br/>
<a href="/object/0x7f4514330">java.util.Hashtable$Entry @ 0x7f4514330 (32 bytes)</a>
<br/>
<a href="/object/0x7f4514350">java.util.Hashtable$Entry @ 0x7f4514350 (32 bytes)</a>
<br/>
<a href="/object/0x7f4514370">java.util.Hashtable$Entry @ 0x7f4514370 (32 bytes)</a>
<br/>
<a href="/object/0x7f4514390">java.util.Hashtable$Entry @ 0x7f4514390 (32 bytes)</a>
<br/>
<a href="/object/0x7f45143b0">java.util.Hashtable$Entry @ 0x7f45143b0 (32 bytes)</a>
<br/>
<a href="/object/0x7f45143d0">java.util.Hashtable$Entry @ 0x7f45143d0 (32 bytes)</a>
<br/>
<a href="/object/0x7f45143f0">java.util.Hashtable$Entry @ 0x7f45143f0 (32 bytes)</a>
<br/>
<a href="/object/0x7f4514410">java.util.Hashtable$Entry @ 0x7f4514410 (32 bytes)</a>
<br/>
<a href="/object/0x7f4514430">java.util.Hashtable$Entry @ 0x7f4514430 (32 bytes)</a>
<br/>
<a href="/object/0x7f4514450">java.util.Hashtable$Entry @ 0x7f4514450 (32 bytes)</a>
<br/>
<a href="/object/0x7f4514470">java.util.Hashtable$Entry @ 0x7f4514470 (32 bytes)</a>
<br/>
<a href="/object/0x7f4514490">java.util.Hashtable$Entry @ 0x7f4514490 (32 bytes)</a>
<br/>
<a href="/object/0x7f45144b0">java.util.Hashtable$Entry @ 0x7f45144b0 (32 bytes)</a>
<br/>
<a href="/object/0x7f45144d0">java.util.Hashtable$Entry @ 0x7f45144d0 (32 bytes)</a>
<br/>
<a href="/object/0x7f45144f0">java.util.Hashtable$Entry @ 0x7f45144f0 (32 bytes)</a>
<br/>
<a href="/object/0x7f4514510">java.util.Hashtable$Entry @ 0x7f4514510 (32 bytes)</a>
<br/>
<a href="/object/0x7f4514530">java.util.Hashtable$Entry @ 0x7f4514530 (32 bytes)</a>
<br/>
<a href="/object/0x7f4514620">java.util.Hashtable$Entry @ 0x7f4514620 (32 bytes)</a>
<br/>
<a href="/object/0x7f4514640">java.util.Hashtable$Entry @ 0x7f4514640 (32 bytes)</a>
<br/>
<a href="/object/0x7f4514660">java.util.Hashtable$Entry @ 0x7f4514660 (32 bytes)</a>
<br/>
<a href="/object/0x7f4514680">java.util.Hashtable$Entry @ 0x7f4514680 (32 bytes)</a>
<br/>
<a href="/object/0x7f45146a0">java.util.Hashtable$Entry @ 0x7f45146a0 (32 bytes)</a>
<br/>
<a href="/object/0x7f45146c0">java.util.Hashtable$Entry @ 0x7f45146c0 (32 bytes)</a>
<br/>
<a href="/object/0x7f45146e0">java.util.Hashtable$Entry @ 0x7f45146e0 (32 bytes)</a>
<br/>
<a href="/object/0x7f4514700">java.util.Hashtable$Entry @ 0x7f4514700 (32 bytes)</a>
<br/>
<a href="/object/0x7f4514720">java.util.Hashtable$Entry @ 0x7f4514720 (32 bytes)</a>
<br/>
<a href="/object/0x7f4514740">java.util.Hashtable$Entry @ 0x7f4514740 (32 bytes)</a>
<br/>
<a href="/object/0x7f4514760">java.util.Hashtable$Entry @ 0x7f4514760 (32 bytes)</a>
<br/>
<a href="/object/0x7f4514780">java.util.Hashtable$Entry @ 0x7f4514780 (32 bytes)</a>
<br/>
<a href="/object/0x7f45147a0">java.util.Hashtable$Entry @ 0x7f45147a0 (32 bytes)</a>
<br/>
<a href="/object/0x7f4514960">java.util.Hashtable$Entry @ 0x7f4514960 (32 bytes)</a>
<br/>
<a href="/object/0x7f45149b8">java.util.Hashtable$Entry @ 0x7f45149b8 (32 bytes)</a>
<br/>
<a href="/object/0x7f45149d8">java.util.Hashtable$Entry @ 0x7f45149d8 (32 bytes)</a>
<br/>
<a href="/object/0x7f45149f8">java.util.Hashtable$Entry @ 0x7f45149f8 (32 bytes)</a>
<br/>
<a href="/object/0x7f4514aa0">java.util.Hashtable$Entry @ 0x7f4514aa0 (32 bytes)</a>
<br/>
<a href="/object/0x7f4514ae8">java.util.Hashtable$Entry @ 0x7f4514ae8 (32 bytes)</a>
<br/>
<a href="/object/0x7f4514b30">java.util.Hashtable$Entry @ 0x7f4514b30 (32 bytes)</a>
<br/>
<a href="/object/0x7f4514b78">java.util.Hashtable$Entry @ 0x7f4514b78 (32 bytes)</a>
<br/>
<a href="/object/0x7f4514bc0">java.util.Hashtable$Entry @ 0x7f4514bc0 (32 bytes)</a>
<br/>
<a href="/object/0x7f4514c08">java.util.Hashtable$Entry @ 0x7f4514c08 (32 bytes)</a>
<br/>
<a href="/object/0x7f4514c50">java.util.Hashtable$Entry @ 0x7f4514c50 (32 bytes)</a>
<br/>
<a href="/object/0x7f4514c98">java.util.Hashtable$Entry @ 0x7f4514c98 (32 bytes)</a>
<br/>
<a href="/object/0x7f4514ce0">java.util.Hashtable$Entry @ 0x7f4514ce0 (32 bytes)</a>
<br/>
<a href="/object/0x7f4514d28">java.util.Hashtable$Entry @ 0x7f4514d28 (32 bytes)</a>
<br/>
<a href="/object/0x7f4514d70">java.util.Hashtable$Entry @ 0x7f4514d70 (32 bytes)</a>
<br/>
<a href="/object/0x7f4514db8">java.util.Hashtable$Entry @ 0x7f4514db8 (32 bytes)</a>
<br/>
<a href="/object/0x7f4514e00">java.util.Hashtable$Entry @ 0x7f4514e00 (32 bytes)</a>
<br/>
<a href="/object/0x7f4514e48">java.util.Hashtable$Entry @ 0x7f4514e48 (32 bytes)</a>
<br/>
<a href="/object/0x7f4514e90">java.util.Hashtable$Entry @ 0x7f4514e90 (32 bytes)</a>
<br/>
<a href="/object/0x7f4514ed8">java.util.Hashtable$Entry @ 0x7f4514ed8 (32 bytes)</a>
<br/>
<a href="/object/0x7f4514f20">java.util.Hashtable$Entry @ 0x7f4514f20 (32 bytes)</a>
<br/>
<a href="/object/0x7f4514f68">java.util.Hashtable$Entry @ 0x7f4514f68 (32 bytes)</a>
<br/>
<a href="/object/0x7f4514fb0">java.util.Hashtable$Entry @ 0x7f4514fb0 (32 bytes)</a>
<br/>
<a href="/object/0x7f4514ff8">java.util.Hashtable$Entry @ 0x7f4514ff8 (32 bytes)</a>
<br/>
<a href="/object/0x7f4515040">java.util.Hashtable$Entry @ 0x7f4515040 (32 bytes)</a>
<br/>
<a href="/object/0x7f4515088">java.util.Hashtable$Entry @ 0x7f4515088 (32 bytes)</a>
<br/>
<a href="/object/0x7f45150d0">java.util.Hashtable$Entry @ 0x7f45150d0 (32 bytes)</a>
<br/>
<a href="/object/0x7f4515118">java.util.Hashtable$Entry @ 0x7f4515118 (32 bytes)</a>
<br/>
<a href="/object/0x7f4515160">java.util.Hashtable$Entry @ 0x7f4515160 (32 bytes)</a>
<br/>
<a href="/object/0x7f45151a8">java.util.Hashtable$Entry @ 0x7f45151a8 (32 bytes)</a>
<br/>
<a href="/object/0x7f45151f0">java.util.Hashtable$Entry @ 0x7f45151f0 (32 bytes)</a>
<br/>
<a href="/object/0x7f4515238">java.util.Hashtable$Entry @ 0x7f4515238 (32 bytes)</a>
<br/>
<a href="/object/0x7f4515280">java.util.Hashtable$Entry @ 0x7f4515280 (32 bytes)</a>
<br/>
<a href="/object/0x7f45152c8">java.util.Hashtable$Entry @ 0x7f45152c8 (32 bytes)</a>
<br/>
<a href="/object/0x7f4515310">java.util.Hashtable$Entry @ 0x7f4515310 (32 bytes)</a>
<br/>
<a href="/object/0x7f4515358">java.util.Hashtable$Entry @ 0x7f4515358 (32 bytes)</a>
<br/>
<a href="/object/0x7f45153a0">java.util.Hashtable$Entry @ 0x7f45153a0 (32 bytes)</a>
<br/>
<a href="/object/0x7f45153e8">java.util.Hashtable$Entry @ 0x7f45153e8 (32 bytes)</a>
<br/>
<a href="/object/0x7f4515430">java.util.Hashtable$Entry @ 0x7f4515430 (32 bytes)</a>
<br/>
<a href="/object/0x7f4515478">java.util.Hashtable$Entry @ 0x7f4515478 (32 bytes)</a>
<br/>
<a href="/object/0x7f45154c0">java.util.Hashtable$Entry @ 0x7f45154c0 (32 bytes)</a>
<br/>
<a href="/object/0x7f4515508">java.util.Hashtable$Entry @ 0x7f4515508 (32 bytes)</a>
<br/>
<a href="/object/0x7f4515550">java.util.Hashtable$Entry @ 0x7f4515550 (32 bytes)</a>
<br/>
<a href="/object/0x7f4515598">java.util.Hashtable$Entry @ 0x7f4515598 (32 bytes)</a>
<br/>
<a href="/object/0x7f45155e0">java.util.Hashtable$Entry @ 0x7f45155e0 (32 bytes)</a>
<br/>
<a href="/object/0x7f4515628">java.util.Hashtable$Entry @ 0x7f4515628 (32 bytes)</a>
<br/>
<a href="/object/0x7f4515670">java.util.Hashtable$Entry @ 0x7f4515670 (32 bytes)</a>
<br/>
<a href="/object/0x7f45156b8">java.util.Hashtable$Entry @ 0x7f45156b8 (32 bytes)</a>
<br/>
<a href="/object/0x7f4515700">java.util.Hashtable$Entry @ 0x7f4515700 (32 bytes)</a>
<br/>
<a href="/object/0x7f4515748">java.util.Hashtable$Entry @ 0x7f4515748 (32 bytes)</a>
<br/>
<a href="/object/0x7f4515790">java.util.Hashtable$Entry @ 0x7f4515790 (32 bytes)</a>
<br/>
<a href="/object/0x7f45159e8">java.util.Hashtable$Entry @ 0x7f45159e8 (32 bytes)</a>
<br/>
<a href="/object/0x7f4515a30">java.util.Hashtable$Entry @ 0x7f4515a30 (32 bytes)</a>
<br/>
<a href="/object/0x7f4515a78">java.util.Hashtable$Entry @ 0x7f4515a78 (32 bytes)</a>
<br/>
<a href="/object/0x7f4515ac0">java.util.Hashtable$Entry @ 0x7f4515ac0 (32 bytes)</a>
<br/>
<a href="/object/0x7f4515b08">java.util.Hashtable$Entry @ 0x7f4515b08 (32 bytes)</a>
<br/>
<a href="/object/0x7f4515b50">java.util.Hashtable$Entry @ 0x7f4515b50 (32 bytes)</a>
<br/>
<a href="/object/0x7f4515b98">java.util.Hashtable$Entry @ 0x7f4515b98 (32 bytes)</a>
<br/>
<a href="/object/0x7f4515be0">java.util.Hashtable$Entry @ 0x7f4515be0 (32 bytes)</a>
<br/>
<a href="/object/0x7f4515c28">java.util.Hashtable$Entry @ 0x7f4515c28 (32 bytes)</a>
<br/>
<a href="/object/0x7f4515c70">java.util.Hashtable$Entry @ 0x7f4515c70 (32 bytes)</a>
<br/>
<a href="/object/0x7f4515cb8">java.util.Hashtable$Entry @ 0x7f4515cb8 (32 bytes)</a>
<br/>
<a href="/object/0x7f4515d00">java.util.Hashtable$Entry @ 0x7f4515d00 (32 bytes)</a>
<br/>
<a href="/object/0x7f4515d48">java.util.Hashtable$Entry @ 0x7f4515d48 (32 bytes)</a>
<br/>
<a href="/object/0x7f4515d90">java.util.Hashtable$Entry @ 0x7f4515d90 (32 bytes)</a>
<br/>
<a href="/object/0x7f4515dd8">java.util.Hashtable$Entry @ 0x7f4515dd8 (32 bytes)</a>
<br/>
<a href="/object/0x7f4515e20">java.util.Hashtable$Entry @ 0x7f4515e20 (32 bytes)</a>
<br/>
<a href="/object/0x7f4515e68">java.util.Hashtable$Entry @ 0x7f4515e68 (32 bytes)</a>
<br/>
<a href="/object/0x7f4515eb0">java.util.Hashtable$Entry @ 0x7f4515eb0 (32 bytes)</a>
<br/>
<a href="/object/0x7f4515ef8">java.util.Hashtable$Entry @ 0x7f4515ef8 (32 bytes)</a>
<br/>
<a href="/object/0x7f4515f40">java.util.Hashtable$Entry @ 0x7f4515f40 (32 bytes)</a>
<br/>
<a href="/object/0x7f4516298">java.util.Hashtable$Entry @ 0x7f4516298 (32 bytes)</a>
<br/>
<a href="/object/0x7f45162e0">java.util.Hashtable$Entry @ 0x7f45162e0 (32 bytes)</a>
<br/>
<a href="/object/0x7f4518a20">java.util.Hashtable$Entry @ 0x7f4518a20 (32 bytes)</a>
<br/>
<a href="/object/0x7f452b220">java.util.Hashtable$Entry @ 0x7f452b220 (32 bytes)</a>
<br/>
<a href="/object/0x7f452b240">java.util.Hashtable$Entry @ 0x7f452b240 (32 bytes)</a>
<br/>
<a href="/object/0x7f452b260">java.util.Hashtable$Entry @ 0x7f452b260 (32 bytes)</a>
<br/>
<a href="/object/0x7f452b280">java.util.Hashtable$Entry @ 0x7f452b280 (32 bytes)</a>
<br/>
<a href="/object/0x7f452b2a0">java.util.Hashtable$Entry @ 0x7f452b2a0 (32 bytes)</a>
<br/>
<a href="/object/0x7f452b2c0">java.util.Hashtable$Entry @ 0x7f452b2c0 (32 bytes)</a>
<br/>
<a href="/object/0x7f452b2e0">java.util.Hashtable$Entry @ 0x7f452b2e0 (32 bytes)</a>
<br/>
<a href="/object/0x7f452b300">java.util.Hashtable$Entry @ 0x7f452b300 (32 bytes)</a>
<br/>
<a href="/object/0x7f452b320">java.util.Hashtable$Entry @ 0x7f452b320 (32 bytes)</a>
<br/>
<a href="/object/0x7f452b340">java.util.Hashtable$Entry @ 0x7f452b340 (32 bytes)</a>
<br/>
<a href="/object/0x7f452b360">java.util.Hashtable$Entry @ 0x7f452b360 (32 bytes)</a>
<br/>
<a href="/object/0x7f452b380">java.util.Hashtable$Entry @ 0x7f452b380 (32 bytes)</a>
<br/>
<a href="/object/0x7f452b3a0">java.util.Hashtable$Entry @ 0x7f452b3a0 (32 bytes)</a>
<br/>
<a href="/object/0x7f452b3c0">java.util.Hashtable$Entry @ 0x7f452b3c0 (32 bytes)</a>
<br/>
<a href="/object/0x7f452b3e0">java.util.Hashtable$Entry @ 0x7f452b3e0 (32 bytes)</a>
<br/>
<a href="/object/0x7f452b400">java.util.Hashtable$Entry @ 0x7f452b400 (32 bytes)</a>
<br/>
<a href="/object/0x7f452b420">java.util.Hashtable$Entry @ 0x7f452b420 (32 bytes)</a>
<br/>
<a href="/object/0x7f452b510">java.util.Hashtable$Entry @ 0x7f452b510 (32 bytes)</a>
<br/>
<a href="/object/0x7f452b530">java.util.Hashtable$Entry @ 0x7f452b530 (32 bytes)</a>
<br/>
<a href="/object/0x7f452b550">java.util.Hashtable$Entry @ 0x7f452b550 (32 bytes)</a>
<br/>
<a href="/object/0x7f452b570">java.util.Hashtable$Entry @ 0x7f452b570 (32 bytes)</a>
<br/>
<a href="/object/0x7f452b590">java.util.Hashtable$Entry @ 0x7f452b590 (32 bytes)</a>
<br/>
<a href="/object/0x7f452b5b0">java.util.Hashtable$Entry @ 0x7f452b5b0 (32 bytes)</a>
<br/>
<a href="/object/0x7f452b5d0">java.util.Hashtable$Entry @ 0x7f452b5d0 (32 bytes)</a>
<br/>
<a href="/object/0x7f452b5f0">java.util.Hashtable$Entry @ 0x7f452b5f0 (32 bytes)</a>
<br/>
<a href="/object/0x7f452b610">java.util.Hashtable$Entry @ 0x7f452b610 (32 bytes)</a>
<br/>
<a href="/object/0x7f452b630">java.util.Hashtable$Entry @ 0x7f452b630 (32 bytes)</a>
<br/>
<a href="/object/0x7f452b650">java.util.Hashtable$Entry @ 0x7f452b650 (32 bytes)</a>
<br/>
<a href="/object/0x7f452b670">java.util.Hashtable$Entry @ 0x7f452b670 (32 bytes)</a>
<br/>
<a href="/object/0x7f452b690">java.util.Hashtable$Entry @ 0x7f452b690 (32 bytes)</a>
<br/>
<a href="/object/0x7f452b928">java.util.Hashtable$Entry @ 0x7f452b928 (32 bytes)</a>
<br/>
<a href="/object/0x7f4539e60">java.util.Hashtable$Entry @ 0x7f4539e60 (32 bytes)</a>
<br/>
<a href="/object/0x7f453a910">java.util.Hashtable$Entry @ 0x7f453a910 (32 bytes)</a>
<br/>
<a href="/object/0x7f453d9c0">java.util.Hashtable$Entry @ 0x7f453d9c0 (32 bytes)</a>
<br/>
<a href="/object/0x7f453da58">java.util.Hashtable$Entry @ 0x7f453da58 (32 bytes)</a>
<br/>
<a href="/object/0x7f453db48">java.util.Hashtable$Entry @ 0x7f453db48 (32 bytes)</a>
<br/>
<a href="/object/0x7f453dc20">java.util.Hashtable$Entry @ 0x7f453dc20 (32 bytes)</a>
<br/>
<a href="/object/0x7f453dcf0">java.util.Hashtable$Entry @ 0x7f453dcf0 (32 bytes)</a>
<br/>
<a href="/object/0x7f453de00">java.util.Hashtable$Entry @ 0x7f453de00 (32 bytes)</a>
<br/>
<a href="/object/0x7f453ded8">java.util.Hashtable$Entry @ 0x7f453ded8 (32 bytes)</a>
<br/>
<a href="/object/0x7f453dff8">java.util.Hashtable$Entry @ 0x7f453dff8 (32 bytes)</a>
<br/>
<a href="/object/0x7f453e120">java.util.Hashtable$Entry @ 0x7f453e120 (32 bytes)</a>
<br/>
<a href="/object/0x7f453e170">java.util.Hashtable$Entry @ 0x7f453e170 (32 bytes)</a>
<br/>
<a href="/object/0x7f453e1c0">java.util.Hashtable$Entry @ 0x7f453e1c0 (32 bytes)</a>
<br/>
<a href="/object/0x7f453e210">java.util.Hashtable$Entry @ 0x7f453e210 (32 bytes)</a>
<br/>
<a href="/object/0x7f453e3c8">java.util.Hashtable$Entry @ 0x7f453e3c8 (32 bytes)</a>
<br/>
<a href="/object/0x7f453ee50">java.util.Hashtable$Entry @ 0x7f453ee50 (32 bytes)</a>
<br/>
<a href="/object/0x7f453f420">java.util.Hashtable$Entry @ 0x7f453f420 (32 bytes)</a>
<br/>
<a href="/object/0x7f45456a8">java.util.Hashtable$Entry @ 0x7f45456a8 (32 bytes)</a>
<br/>
<h2>Total of 356 instances occupying 11392 bytes.</h2>
    </div> <!-- /container -->
    <script src="/js/jquery-2.0.3.min.js"></script>
    <script src="/js/bootstrap.js"></script>
  </body>
</html>

