<!DOCTYPE html>
<html lang="en">
  <head>
    <meta charset="utf-8"/>
    <title>value array: byte[] #16</title>
    <meta name="viewport" content="width=device-width, initial-scale=1.0"/>
    <meta name="description" content=""/>
    <meta name="author" content=""/>

    <link href="/css/bootstrap.css" rel="stylesheet"/>
    <style type="text/css">
      body {
        padding-top: 60px;
        padding-bottom: 40px;
      }
    </style>
    <link href="/css/bootstrap-responsive.css" rel="stylesheet"/>

    <!-- HTML5 shim, for IE6-8 support of HTML5 elements -->
    <!--[if lt IE 9]>
      <script src="/js/html5shiv.js"></script>
    <![endif]-->
  </head>
  <body>
    <div class="navbar navbar-inverse navbar-fixed-top">
      <div class="navbar-inner">
        <div class="container">
          <button type="button" class="btn btn-navbar" data-toggle="collapse" data-target=".nav-collapse">
            <span class="icon-bar"></span>
            <span class="icon-bar"></span>
            <span class="icon-bar"></span>
          </button>
          <a class="brand" href="/">SHelmet</a>
          <div class="nav-collapse collapse">
            <ul class="nav">
              <li class="active"><a href="/">Home</a></li>
              <li class="dropdown">
                <a href="#" class="dropdown-toggle" data-toggle="dropdown">Reports<b class="caret"></b></a>
                <ul class="dropdown-menu">
                  <li class="nav-header">Classes</li>
                  <li><a href="/allClassesWithPlatform/">Including platform</a></li>
                  <li><a href="/allClassesWithoutPlatform/">Excluding platform</a></li>
                  <li class="divider"></li>
                  <li><a href="/rootSet">RootSet</a></li>
                  <li class="divider"></li>
                  <li class="nav-header">Instance Counts</li>
                  <li><a href="/showInstanceCountsIncPlatform/">Including platform</a></li>
                  <li><a href="/showInstanceCountsExcPlatform/">Excluding platform</a></li>
                  <li class="divider"></li>
                  <li><a href="/histogram/">Heap histogram</a></li>
                  <li class="divider"></li>
                  <li><a href="/finalizerSummary/">Finalizer summary</a></li>
                </ul>
              </li>
              <li><a href="/about">About</a></li>
            </ul>
          </div><!--/.nav-collapse -->
        </div>
      </div>
    </div>

    <div class="container">

<h1>value array: byte[] #16</h1>
<table class="table table-bordered table-condensed">
<tr>
<td>
<b>Instance of:</b>
</td>
<td>
<a href="/object/0x7fae220b0">class byte[]</a>
</td>
</tr>
<tr>
<td>
<b>Size</b>
</td>
<td>
154 bytes
</td>
</tr>
<tr>
<td>
<b>Retained Size</b>
</td>
<td>
154 bytes
</td>
</tr>
<tr>
<td>
<b>Min/max distance to root</b>
</td>
<td>
26/26
</td>
</tr>
<tr>
<td>
<b>References to this object</b>
</td>
<td>
<a href="#refers">1</a>
</td>
</tr>
<tr>
<td>
<b>Root References</b>
</td>
<td>
None
</td>
</tr>
</table>
{0xF3, 0x4A, 0x2C, 0xF2, 0xCC, 0x4B, 0x49, 0xAD, 0xD0, 0x0D, 0x4B, 0x2D, 0x2A, 0xCE, 0xCC, 0xCF, 0xB3, 0x52, 0x30, 0xD4, 0x33, 0xE0, 0xE2, 0xF2, 0x0D, 0xF2, 0x0A, 0xC9, 0xCF, 0xCF, 0xC9, 0xCE, 0x2C, 0xD1, 0xCB, 0x4A, 0x2C, 0xE2, 0x4A, 0xCE, 0xCF, 0x05, 0x61, 0xFD, 0xC4, 0x82, 0x82, 0x9C, 0x54, 0x04, 0x4B, 0x3F, 0xB7, 0x28, 0x8B, 0x8B, 0x0B, 0x00, 0x00, 0x00, 0x00, 0x00, 0x00, 0x00, 0x00, 0x00, 0x00, 0x00, 0x00}<h2>References to this object:</h2>
<a name="refers"></a>
<a href="/object/0x7f44f2810">java.util.zip.Inflater #11 (42 bytes)</a>
 : field buf (25/25)
<br/>
<h2>Other Queries</h2>
Reference Chains from Rootset
<ul>
<li>
<a href="/objectRootsExcWeak/0x7f44f2870">Exclude weak refs</a>
</li>
<li>
<a href="/objectRootsIncWeak/0x7f44f2870">Include weak refs</a>
</li>
</ul>
<br/>
    </div> <!-- /container -->
    <script src="/js/jquery-2.0.3.min.js"></script>
    <script src="/js/bootstrap.js"></script>
  </body>
</html>

