<!DOCTYPE html>
<html lang="en">
  <head>
    <meta charset="utf-8"/>
    <title>Unknown Heap Object (0x7fae21c38)</title>
    <meta name="viewport" content="width=device-width, initial-scale=1.0"/>
    <meta name="description" content=""/>
    <meta name="author" content=""/>

    <link href="/css/bootstrap.css" rel="stylesheet"/>
    <style type="text/css">
      body {
        padding-top: 60px;
        padding-bottom: 40px;
      }
    </style>
    <link href="/css/bootstrap-responsive.css" rel="stylesheet"/>

    <!-- HTML5 shim, for IE6-8 support of HTML5 elements -->
    <!--[if lt IE 9]>
      <script src="/js/html5shiv.js"></script>
    <![endif]-->
  </head>
  <body>
    <div class="navbar navbar-inverse navbar-fixed-top">
      <div class="navbar-inner">
        <div class="container">
          <button type="button" class="btn btn-navbar" data-toggle="collapse" data-target=".nav-collapse">
            <span class="icon-bar"></span>
            <span class="icon-bar"></span>
            <span class="icon-bar"></span>
          </button>
          <a class="brand" href="/">SHelmet</a>
          <div class="nav-collapse collapse">
            <ul class="nav">
              <li class="active"><a href="/">Home</a></li>
              <li class="dropdown">
                <a href="#" class="dropdown-toggle" data-toggle="dropdown">Reports<b class="caret"></b></a>
                <ul class="dropdown-menu">
                  <li class="nav-header">Classes</li>
                  <li><a href="/allClassesWithPlatform/">Including platform</a></li>
                  <li><a href="/allClassesWithoutPlatform/">Excluding platform</a></li>
                  <li class="divider"></li>
                  <li><a href="/rootSet">RootSet</a></li>
                  <li class="divider"></li>
                  <li class="nav-header">Instance Counts</li>
                  <li><a href="/showInstanceCountsIncPlatform/">Including platform</a></li>
                  <li><a href="/showInstanceCountsExcPlatform/">Excluding platform</a></li>
                  <li class="divider"></li>
                  <li><a href="/histogram/">Heap histogram</a></li>
                  <li class="divider"></li>
                  <li><a href="/finalizerSummary/">Finalizer summary</a></li>
                </ul>
              </li>
              <li><a href="/about">About</a></li>
            </ul>
          </div><!--/.nav-collapse -->
        </div>
      </div>
    </div>

    <div class="container">

<h1>Unknown Heap Object (0x7fae21c38)</h1>
<table class="table table-bordered table-condensed">
<tr>
<td>
<b>Instance of:</b>
</td>
<td>
<a href="/object/0x7fae22528">class java.lang.Object</a>
</td>
</tr>
<tr>
<td>
<b>Size</b>
</td>
<td>
0 bytes
</td>
</tr>
<tr>
<td>
<b>Retained Size</b>
</td>
<td>
0 bytes
</td>
</tr>
<tr>
<td>
<b>Min/max distance to root</b>
</td>
<td>
1/15
</td>
</tr>
<tr>
<td>
<b>References to this object</b>
</td>
<td>
<a href="#refers">63</a>
</td>
</tr>
<tr>
<td>
<b>Root References</b>
</td>
<td>
<a href="#rootRefs">1</a>
</td>
</tr>
</table>
<a name="rootRefs"></a>
<h2>Root References:</h2>
<ul>
<li>
Static reference from java.lang.Void.TYPE from class java.lang.Void
</li>
</ul>
<h2>References to this object:</h2>
<a name="refers"></a>
<a href="/object/0x7fafe9668">class java.lang.Void (160 bytes)</a>
 : static field TYPE (1/4)
<br/>
<a href="/object/0x7f44ca198">java.lang.reflect.Method #1 (145 bytes)</a>
 : field returnType (-1/-1)
<br/>
<a href="/object/0x7f44ca438">java.lang.reflect.Method #7 (145 bytes)</a>
 : field returnType (-1/-1)
<br/>
<a href="/object/0x7f44ca4b8">java.lang.reflect.Method #8 (145 bytes)</a>
 : field returnType (-1/-1)
<br/>
<a href="/object/0x7f44d9cb8">java.lang.reflect.Method #13 (145 bytes)</a>
 : field returnType (-1/-1)
<br/>
<a href="/object/0x7f44d9d98">java.lang.reflect.Method #15 (145 bytes)</a>
 : field returnType (-1/-1)
<br/>
<a href="/object/0x7f44d9e08">java.lang.reflect.Method #16 (145 bytes)</a>
 : field returnType (-1/-1)
<br/>
<a href="/object/0x7f44d9ee8">java.lang.reflect.Method #18 (145 bytes)</a>
 : field returnType (-1/-1)
<br/>
<a href="/object/0x7f44dab48">java.lang.reflect.Method #36 (145 bytes)</a>
 : field returnType (-1/-1)
<br/>
<a href="/object/0x7f44db120">java.lang.reflect.Method #44 (145 bytes)</a>
 : field returnType (-1/-1)
<br/>
<a href="/object/0x7f44db200">java.lang.reflect.Method #46 (145 bytes)</a>
 : field returnType (-1/-1)
<br/>
<a href="/object/0x7f44db2d0">java.lang.reflect.Method #47 (145 bytes)</a>
 : field returnType (-1/-1)
<br/>
<a href="/object/0x7f44dbc60">java.lang.reflect.Method #61 (145 bytes)</a>
 : field returnType (-1/-1)
<br/>
<a href="/object/0x7f44dbf38">java.lang.reflect.Method #67 (145 bytes)</a>
 : field returnType (-1/-1)
<br/>
<a href="/object/0x7f44dc018">java.lang.reflect.Method #69 (145 bytes)</a>
 : field returnType (-1/-1)
<br/>
<a href="/object/0x7f44dc088">java.lang.reflect.Method #70 (145 bytes)</a>
 : field returnType (-1/-1)
<br/>
<a href="/object/0x7f44dc0f8">java.lang.reflect.Method #71 (145 bytes)</a>
 : field returnType (-1/-1)
<br/>
<a href="/object/0x7f44dc168">java.lang.reflect.Method #72 (145 bytes)</a>
 : field returnType (-1/-1)
<br/>
<a href="/object/0x7f44dc1d8">java.lang.reflect.Method #73 (145 bytes)</a>
 : field returnType (-1/-1)
<br/>
<a href="/object/0x7f44dc8b8">java.lang.reflect.Method #82 (145 bytes)</a>
 : field returnType (-1/-1)
<br/>
<a href="/object/0x7f453a0a8">java.lang.reflect.Method #84 (145 bytes)</a>
 : field returnType (-1/-1)
<br/>
<a href="/object/0x7f453a980">java.lang.reflect.Method #85 (145 bytes)</a>
 : field returnType (2/2)
<br/>
<a href="/object/0x7f453aa00">java.lang.reflect.Method #86 (145 bytes)</a>
 : field returnType (1/2)
<br/>
<a href="/object/0x7f453bb08">java.lang.reflect.Method #113 (145 bytes)</a>
 : field returnType (-1/-1)
<br/>
<a href="/object/0x7f453bb90">java.lang.reflect.Method #114 (145 bytes)</a>
 : field returnType (-1/-1)
<br/>
<a href="/object/0x7f453bc80">java.lang.reflect.Method #116 (145 bytes)</a>
 : field returnType (-1/-1)
<br/>
<a href="/object/0x7f453ff28">java.lang.reflect.Method #121 (145 bytes)</a>
 : field returnType (12/12)
<br/>
<a href="/object/0x7f4540158">java.lang.reflect.Method #126 (145 bytes)</a>
 : field returnType (11/11)
<br/>
<a href="/object/0x7f4545c58">java.lang.reflect.Method #127 (145 bytes)</a>
 : field returnType (14/14)
<br/>
<a href="/object/0x7f4545d38">java.lang.reflect.Method #129 (145 bytes)</a>
 : field returnType (12/12)
<br/>
<a href="/object/0x7f4545f58">java.lang.reflect.Method #133 (145 bytes)</a>
 : field returnType (13/13)
<br/>
<a href="/object/0x7f4546008">java.lang.reflect.Method #135 (145 bytes)</a>
 : field returnType (11/11)
<br/>
<a href="/object/0x7f4546600">java.lang.reflect.Method #145 (145 bytes)</a>
 : field returnType (-1/-1)
<br/>
<a href="/object/0x7f4546688">java.lang.reflect.Method #146 (145 bytes)</a>
 : field returnType (-1/-1)
<br/>
<a href="/object/0x7f4546710">java.lang.reflect.Method #147 (145 bytes)</a>
 : field returnType (-1/-1)
<br/>
<a href="/object/0x7f45469a0">java.lang.reflect.Method #152 (145 bytes)</a>
 : field returnType (-1/-1)
<br/>
<a href="/object/0x7f4546a10">java.lang.reflect.Method #153 (145 bytes)</a>
 : field returnType (-1/-1)
<br/>
<a href="/object/0x7f454e5a8">java.lang.reflect.Method #222 (145 bytes)</a>
 : field returnType (11/11)
<br/>
<a href="/object/0x7f454ee38">java.lang.reflect.Method #240 (145 bytes)</a>
 : field returnType (11/11)
<br/>
<a href="/object/0x7f454f068">java.lang.reflect.Method #245 (145 bytes)</a>
 : field returnType (11/11)
<br/>
<a href="/object/0x7f454f1b8">java.lang.reflect.Method #248 (145 bytes)</a>
 : field returnType (13/13)
<br/>
<a href="/object/0x7f454f620">java.lang.reflect.Method #256 (145 bytes)</a>
 : field returnType (10/10)
<br/>
<a href="/object/0x7f454fc50">java.lang.reflect.Method #274 (145 bytes)</a>
 : field returnType (10/10)
<br/>
<a href="/object/0x7f454fe08">java.lang.reflect.Method #279 (145 bytes)</a>
 : field returnType (10/10)
<br/>
<a href="/object/0x7f454ff10">java.lang.reflect.Method #282 (145 bytes)</a>
 : field returnType (12/12)
<br/>
<a href="/object/0x7f4558430">java.lang.reflect.Method #343 (145 bytes)</a>
 : field returnType (2/3)
<br/>
<a href="/object/0x7f4558618">java.lang.reflect.Method #346 (145 bytes)</a>
 : field returnType (2/9)
<br/>
<a href="/object/0x7f45586e0">java.lang.reflect.Method #347 (145 bytes)</a>
 : field returnType (1/3)
<br/>
<a href="/object/0x7f45587e8">java.lang.reflect.Method #350 (145 bytes)</a>
 : field returnType (8/8)
<br/>
<a href="/object/0x7f4561f48">java.lang.reflect.Method #437 (145 bytes)</a>
 : field returnType (13/13)
<br/>
<a href="/object/0x7f4562098">java.lang.reflect.Method #440 (145 bytes)</a>
 : field returnType (11/11)
<br/>
<a href="/object/0x7f45622c8">java.lang.reflect.Method #445 (145 bytes)</a>
 : field returnType (11/11)
<br/>
<a href="/object/0x7f4562740">java.lang.reflect.Method #455 (145 bytes)</a>
 : field returnType (12/12)
<br/>
<a href="/object/0x7f4562848">java.lang.reflect.Method #458 (145 bytes)</a>
 : field returnType (10/10)
<br/>
<a href="/object/0x7f4562a00">java.lang.reflect.Method #463 (145 bytes)</a>
 : field returnType (10/10)
<br/>
<a href="/object/0x7f4565120">java.lang.reflect.Method #470 (145 bytes)</a>
 : field returnType (13/13)
<br/>
<a href="/object/0x7f4565308">java.lang.reflect.Method #474 (145 bytes)</a>
 : field returnType (12/12)
<br/>
<a href="/object/0x7f4567ce8">java.lang.reflect.Method #480 (145 bytes)</a>
 : field returnType (1/1)
<br/>
<a href="/object/0x7f4567df0">java.lang.reflect.Method #483 (145 bytes)</a>
 : field returnType (1/1)
<br/>
<a href="/object/0x7f4567fc0">java.lang.reflect.Method #486 (145 bytes)</a>
 : field returnType (2/5)
<br/>
<a href="/object/0x7f45680c8">java.lang.reflect.Method #489 (145 bytes)</a>
 : field returnType (5/7)
<br/>
<a href="/object/0x7f4544ab8">java.util.WeakHashMap$Entry #31 (68 bytes)</a>
 : field referent (3/3)
<br/>
<a href="/object/0x7f4544a80">com.sun.jmx.mbeanserver.OpenConverter$IdentityConverter #31 (40 bytes)</a>
 : field openClass/field targetType (2/13)
<br/>
<h2>Other Queries</h2>
Reference Chains from Rootset
<ul>
<li>
<a href="/objectRootsExcWeak/0x7fae21c38">Exclude weak refs</a>
</li>
<li>
<a href="/objectRootsIncWeak/0x7fae21c38">Include weak refs</a>
</li>
</ul>
<a href="/reachableFrom/0x7fae21c38">Objects reachable from here</a>
<br/>
    </div> <!-- /container -->
    <script src="/js/jquery-2.0.3.min.js"></script>
    <script src="/js/bootstrap.js"></script>
  </body>
</html>

